Archive member included because of file (symbol)

./../Platform/BLE/debug/libBLE_efm32_debug.a(BLE_serialDriver_cc.o)
                              C:/XDK-Workbench/workspace/SendAccelerometerDataOverBle/debug/objects/SendAccelerometerDataOverBle.o (BLE_hciReceiveData)
./../Platform/BLE/debug/libBLE_efm32_debug.a(BLE_stateHandler_cc.o)
                              C:/XDK-Workbench/workspace/SendAccelerometerDataOverBle/debug/objects/SendAccelerometerDataOverBle.o (BLE_coreStackInit)
./../Platform/BLE/debug/libBLE_efm32_debug.a(BLE_radioInterface_cc.o)
                              ./../Platform/BLE/debug/libBLE_efm32_debug.a(BLE_stateHandler_cc.o) (BLERADIO_IsPublicAddressValid)
./../Platform/Sensors/debug/libSensors_efm32_debug.a(Environmental.o)
                              ./../Platform/SensorToolbox/release/libSensorToolbox.a (Environmental_init)
./../Platform/Sensors/debug/libSensors_efm32_debug.a(Gyroscope.o)
                              ./../Platform/SensorToolbox/release/libSensorToolbox.a (Gyroscope_init)
./../Platform/Sensors/debug/libSensors_efm32_debug.a(Accelerometer.o)
                              C:/XDK-Workbench/workspace/SendAccelerometerDataOverBle/debug/objects/SendAccelerometerDataOverBle.o (Accelerometer_init)
./../Platform/Sensors/debug/libSensors_efm32_debug.a(Magnetometer.o)
                              ./../Platform/SensorToolbox/release/libSensorToolbox.a (Magnetometer_init)
./../Platform/SensorUtils/debug/libSensorUtils_efm32_debug.a(Bma280Utils.o)
                              ./../Platform/Sensors/debug/libSensors_efm32_debug.a(Accelerometer.o) (Bma280Utils_initialize)
./../Platform/SensorUtils/debug/libSensorUtils_efm32_debug.a(AxisRemap.o)
                              ./../Platform/SensorUtils/debug/libSensorUtils_efm32_debug.a(Bma280Utils.o) (AxisRemap_remapSensorData)
./../Platform/SensorUtils/debug/libSensorUtils_efm32_debug.a(Bmi160Utils.o)
                              ./../Platform/Sensors/debug/libSensors_efm32_debug.a(Gyroscope.o) (Bmi160Utils_initialize)
./../Platform/SensorUtils/debug/libSensorUtils_efm32_debug.a(Bmg160Utils.o)
                              ./../Platform/Sensors/debug/libSensors_efm32_debug.a(Gyroscope.o) (Bmg160Utils_initialize)
./../Platform/SensorUtils/debug/libSensorUtils_efm32_debug.a(Bme280Utils.o)
                              ./../Platform/Sensors/debug/libSensors_efm32_debug.a(Environmental.o) (Bme280Utils_initialize)
./../Platform/SensorUtils/debug/libSensorUtils_efm32_debug.a(Bmm150Utils.o)
                              ./../Platform/Sensors/debug/libSensors_efm32_debug.a(Magnetometer.o) (Bmm150Utils_initialize)
./../Libraries/FreeRTOS/FreeRTOS/../BCDS_Customization/debug/libFreeRTOS_efm32_debug.a(queue.o)
                              ./../Platform/SensorToolbox/release/libSensorToolbox.a (xQueueCreateMutex)
./../Libraries/FreeRTOS/FreeRTOS/../BCDS_Customization/debug/libFreeRTOS_efm32_debug.a(tasks.o)
                              C:/XDK-Workbench/workspace/SendAccelerometerDataOverBle/debug/objects/SendAccelerometerDataOverBle.o (xTaskGenericCreate)
./../Libraries/FreeRTOS/FreeRTOS/../BCDS_Customization/debug/libFreeRTOS_efm32_debug.a(timers.o)
                              ./../Libraries/FreeRTOS/FreeRTOS/../BCDS_Customization/debug/libFreeRTOS_efm32_debug.a(tasks.o) (xTimerCreateTimerTask)
./../Libraries/FreeRTOS/FreeRTOS/../BCDS_Customization/debug/libFreeRTOS_efm32_debug.a(heap_4.o)
                              ./../Libraries/FreeRTOS/FreeRTOS/../BCDS_Customization/debug/libFreeRTOS_efm32_debug.a(queue.o) (pvPortMalloc)
./../Libraries/FreeRTOS/FreeRTOS/../BCDS_Customization/debug/libFreeRTOS_efm32_debug.a(port.o)
                              ./../Libraries/FreeRTOS/FreeRTOS/../BCDS_Customization/debug/libFreeRTOS_efm32_debug.a(tasks.o) (pxPortInitialiseStack)
./../Libraries/FreeRTOS/FreeRTOS/../BCDS_Customization/debug/libFreeRTOS_efm32_debug.a(list.o)
                              ./../Libraries/FreeRTOS/FreeRTOS/../BCDS_Customization/debug/libFreeRTOS_efm32_debug.a(queue.o) (vListInitialise)
./../Platform/Peripherals/debug/libPeripherals_efm32_debug.a(I2C_cc.o)
                              ./../Platform/SensorUtils/debug/libSensorUtils_efm32_debug.a(Bma280Utils.o) (I2C_delayFunction)
./../Platform/Peripherals/debug/libPeripherals_efm32_debug.a(SID_serialDriverInf_cc.o)
                              ./../Platform/Peripherals/debug/libPeripherals_efm32_debug.a(I2C_cc.o) (SID_init)
./../Platform/Peripherals/debug/libPeripherals_efm32_debug.a(I2C_efm32Driver_cc.o)
                              ./../Platform/Peripherals/debug/libPeripherals_efm32_debug.a(SID_serialDriverInf_cc.o) (I2C_initCtrSpecific)
./../Platform/Peripherals/debug/libPeripherals_efm32_debug.a(PTD_portDriver_cc.o)
                              ./../Platform/SensorUtils/debug/libSensorUtils_efm32_debug.a(Bma280Utils.o) (PTD_intConfig)
./../Platform/Peripherals/debug/libPeripherals_efm32_debug.a(SER_serialDriver_cc.o)
[...]
Memory Configuration

Name             Origin             Length             Attributes
FLASH            0x00010000         0x000f0000         xr
RAM              0x20000000         0x00020000         xrw
*default*        0x00000000         0xffffffff

Linker script and memory map

LOAD c:/xdk-workbench/armgcc/bin/../lib/gcc/arm-none-eabi/4.7.4/armv7-m/crti.o
LOAD c:/xdk-workbench/armgcc/bin/../lib/gcc/arm-none-eabi/4.7.4/armv7-m/crtbegin.o
LOAD c:/xdk-workbench/armgcc/bin/../lib/gcc/arm-none-eabi/4.7.4/../../../../arm-none-eabi/lib/armv7-m/crt0.o
LOAD C:/XDK-Workbench/workspace/SendAccelerometerDataOverBle/debug/objects/./../Platform/Utils/source/RSM_retargetStdioMessage/retargetio.o
LOAD C:/XDK-Workbench/workspace/SendAccelerometerDataOverBle/debug/objects/./../Libraries/EMlib/EMLib/usb/src/em_usbdint.o
LOAD C:/XDK-Workbench/workspace/SendAccelerometerDataOverBle/debug/objects/main.o
LOAD C:/XDK-Workbench/workspace/SendAccelerometerDataOverBle/debug/objects/SendAccelerometerDataOverBle.o
LOAD C:/XDK-Workbench/workspace/SendAccelerometerDataOverBle/debug/objects/startup_efm32gg.o
START GROUP
LOAD ./../Platform/SensorToolbox/release/libSensorToolbox.a
LOAD ./../Libraries/WiFi/TI/../BCDS_Customization/debug/libWifiLib_efm32_debug.a
LOAD ./../Platform/Wlan/debug/libWlan_efm32_debug.a
LOAD ./../Libraries/ServalStack/BCDS_Customization/release/libServalStack_efm32.a
LOAD ./../Platform/ServalPAL_WiFi/release/libServalPalWifi_efm32.a
LOAD ./../Platform/MiscDrivers/debug/libMiscDrivers_efm32_debug.a
LOAD ./../Platform/BLE/debug/libBLE_efm32_debug.a
LOAD ./../Platform/Sensors/debug/libSensors_efm32_debug.a
LOAD ./../Platform/SensorUtils/debug/libSensorUtils_efm32_debug.a
LOAD ./../Libraries/FreeRTOS/FreeRTOS/../BCDS_Customization/debug/libFreeRTOS_efm32_debug.a
LOAD ./../Platform/Peripherals/debug/libPeripherals_efm32_debug.a
LOAD ./../Libraries/EMlib/EMLib/../BCDS_Customization/debug/libEMLib_efm32_debug.a
LOAD ./../Libraries/BSTLib/BST_Github/../BCDS_Customization/debug/libBSTLib_efm32_debug.a
LOAD ../Common/debug/XDKCommon_efm32_debug.a
LOAD ./../Platform/Utils/debug/libUtils_efm32_debug.a
LOAD ./../Platform/Basics/debug/libBasics_efm32_debug.a
LOAD ./../Platform/SensorDrivers/debug/libSensorDrivers_efm32_debug.a
LOAD ./../Platform/Power/debug/libPOWER_efm32_debug.a
LOAD ./../Platform/SensorDrivers/debug/libSensorDrivers_efm32_debug.a
LOAD ./../Libraries/FATfs/BCDS_Customization/debug/libFATfs_efm32_debug.a
LOAD ./../Platform/FOTA/debug/libFOTA_efm32_debug.a
LOAD ./../Libraries/Escrypt_CycurTLS/CycurTLS/src/cycurlib/../../../BCDS_Customization/release/libCYCURTLS_efm32.a
LOAD ./../Libraries/BLEStack/Alpwise/Core_Stack/Libraries/BLESW_CoreStack_CM3.a
LOAD ./../Libraries/BLEStack/Alpwise/Service/Data_Exchange_Service/Libraries/BLESW_ALPWDEP_Server_CM3.a
LOAD ./../Libraries/BLEStack/Alpwise/Core_Stack/Libraries/BLESW_ALPWDES_CM3.a
LOAD ./../Libraries/BLEStack/Alpwise/Service/BLESW_AlertNotification/Libraries/BLESW_ANP_Server_CM3.a
LOAD ./../Libraries/BLEStack/Alpwise/Core_Stack/Libraries/BLESW_ANS_CM3.a
LOAD ./../Libraries/BLEStack/Alpwise/Service/BLESW_BloodPressure/Libraries/BLESW_BLP_Sensor_CM3.a
LOAD ./../Libraries/BLEStack/Alpwise/Core_Stack/Libraries/BLESW_BLS_CM3.a
LOAD ./../Libraries/BLEStack/Alpwise/Service/BLESW_CyclingPower/Libraries/BLESW_CPP_Sensor_CM3.a
LOAD ./../Libraries/BLEStack/Alpwise/Core_Stack/Libraries/BLESW_CPS_CM3.a
LOAD ./../Libraries/BLEStack/Alpwise/Service/BLESW_CyclingSpeedAndCadence/Libraries/BLESW_CSCP_Sensor_CM3.a
LOAD ./../Libraries/BLEStack/Alpwise/Core_Stack/Libraries/BLESW_CSCS_CM3.a
LOAD ./../Libraries/BLEStack/Alpwise/Service/BLESW_Glucose/Libraries/BLESW_GLP_Sensor_CM3.a
LOAD ./../Libraries/BLEStack/Alpwise/Core_Stack/Libraries/BLESW_GLS_CM3.a
LOAD ./../Libraries/BLEStack/Alpwise/Service/BLESW_HealthThermometer/Libraries/BLESW_HTP_Thermometer_CM3.a
LOAD ./../Libraries/BLEStack/Alpwise/Core_Stack/Libraries/BLESW_HTS_CM3.a
LOAD ./../Libraries/BLEStack/Alpwise/Service/BLESW_HeartRate/Libraries/BLESW_HRP_Sensor_CM3.a
LOAD ./../Libraries/BLEStack/Alpwise/Core_Stack/Libraries/BLESW_HRS_CM3.a
LOAD ./../Libraries/BLEStack/Alpwise/Service/BLESW_HumanInterfaceDevice/Libraries/BLESW_HID_Host_CM3.a
LOAD ./../Libraries/BLEStack/Alpwise/Core_Stack/Libraries/BLESW_HIDS_CM3.a
LOAD ./../Libraries/BLEStack/Alpwise/Service/BLESW_LocationAndNavigation/Libraries/BLESW_LNP_Sensor_CM3.a
LOAD ./../Libraries/BLEStack/Alpwise/Core_Stack/Libraries/BLESW_LNS_CM3.a
LOAD ./../Libraries/BLEStack/Alpwise/Service/BLESW_NetworkAvailability/Libraries/BLESW_NWAP_Reporter_CM3.a
LOAD ./../Libraries/BLEStack/Alpwise/Core_Stack/Libraries/BLESW_NWAS_CM3.a
LOAD ./../Libraries/BLEStack/Alpwise/Service/BLESW_PhoneAlertStatus/Libraries/BLESW_PASP_Server_CM3.a
LOAD ./../Libraries/BLEStack/Alpwise/Core_Stack/Libraries/BLESW_PASS_CM3.a
LOAD ./../Libraries/BLEStack/Alpwise/Service/BLESW_RunningSpeedAndCadence/Libraries/BLESW_RSCP_Sensor_CM3.a
LOAD ./../Libraries/BLEStack/Alpwise/Core_Stack/Libraries/BLESW_RSCS_CM3.a
LOAD ./../Libraries/EMlib/EMLib/CMSIS/Lib/GCC/libarm_cortexM3l_math.a
END GROUP
START GROUP
LOAD c:/xdk-workbench/armgcc/bin/../lib/gcc/arm-none-eabi/4.7.4/armv7-m\libgcc.a
LOAD c:/xdk-workbench/armgcc/bin/../lib/gcc/arm-none-eabi/4.7.4/../../../../arm-none-eabi/lib/armv7-m\libc.a
LOAD c:/xdk-workbench/armgcc/bin/../lib/gcc/arm-none-eabi/4.7.4/../../../../arm-none-eabi/lib/armv7-m\libm.a
END GROUP
START GROUP
LOAD c:/xdk-workbench/armgcc/bin/../lib/gcc/arm-none-eabi/4.7.4/armv7-m\libgcc.a
LOAD c:/xdk-workbench/armgcc/bin/../lib/gcc/arm-none-eabi/4.7.4/../../../../arm-none-eabi/lib/armv7-m\libc.a
END GROUP
LOAD c:/xdk-workbench/armgcc/bin/../lib/gcc/arm-none-eabi/4.7.4/armv7-m/crtend.o
LOAD c:/xdk-workbench/armgcc/bin/../lib/gcc/arm-none-eabi/4.7.4/armv7-m/crtn.o

.text           0x00010000    0x22a34
 *(.isr_vector)
 .isr_vector    0x00010000      0x100 C:/XDK-Workbench/workspace/SendAccelerometerDataOverBle/debug/objects/startup_efm32gg.o
                0x00010000                __isr_vector
 *(.text*)
 .text          0x00010100       0x54 c:/xdk-workbench/armgcc/bin/../lib/gcc/arm-none-eabi/4.7.4/armv7-m/crtbegin.o
 .text          0x00010154       0x70 c:/xdk-workbench/armgcc/bin/../lib/gcc/arm-none-eabi/4.7.4/../../../../arm-none-eabi/lib/armv7-m/crt0.o
                0x00010154                _start
                0x00010154                start
                0x00010154                _mainCRTStartup
 .text._close   0x000101c4       0x18 C:/XDK-Workbench/workspace/SendAccelerometerDataOverBle/debug/objects/./../Platform/Utils/source/RSM_retargetStdioMessage/retargetio.o
                0x000101c4                _close
 .text._exit    0x000101dc        0xc C:/XDK-Workbench/workspace/SendAccelerometerDataOverBle/debug/objects/./../Platform/Utils/source/RSM_retargetStdioMessage/retargetio.o
                0x000101dc                _exit
 .text._fstat   0x000101e8       0x24 C:/XDK-Workbench/workspace/SendAccelerometerDataOverBle/debug/objects/./../Platform/Utils/source/RSM_retargetStdioMessage/retargetio.o
                0x000101e8                _fstat
 .text._isatty  0x0001020c       0x18 C:/XDK-Workbench/workspace/SendAccelerometerDataOverBle/debug/objects/./../Platform/Utils/source/RSM_retargetStdioMessage/retargetio.o
                0x0001020c                _isatty
 .text._lseek   0x00010224       0x1c C:/XDK-Workbench/workspace/SendAccelerometerDataOverBle/debug/objects/./../Platform/Utils/source/RSM_retargetStdioMessage/retargetio.o
                0x00010224                _lseek
 .text._read    0x00010240       0x70 C:/XDK-Workbench/workspace/SendAccelerometerDataOverBle/debug/objects/./../Platform/Utils/source/RSM_retargetStdioMessage/retargetio.o
                0x00010240                _read
 .text._sbrk    0x000102b0       0xa0 C:/XDK-Workbench/workspace/SendAccelerometerDataOverBle/debug/objects/./../Platform/Utils/source/RSM_retargetStdioMessage/retargetio.o
                0x000102b0                _sbrk
 .text._write   0x00010350       0x20 C:/XDK-Workbench/workspace/SendAccelerometerDataOverBle/debug/objects/./../Platform/Utils/source/RSM_retargetStdioMessage/retargetio.o
                0x00010350                _write
 .text.INT_Disable
                0x00010370       0x40 C:/XDK-Workbench/workspace/SendAccelerometerDataOverBle/debug/objects/./../Libraries/EMlib/EMLib/usb/src/em_usbdint.o
 .text.INT_Enable
                0x000103b0       0x54 C:/XDK-Workbench/workspace/SendAccelerometerDataOverBle/debug/objects/./../Libraries/EMlib/EMLib/usb/src/em_usbdint.o
 .text.USBHAL_FlushTxFifo
                0x00010404       0x4c C:/XDK-Workbench/workspace/SendAccelerometerDataOverBle/debug/objects/./../Libraries/EMlib/EMLib/usb/src/em_usbdint.o
 .text.USBHAL_GetCoreInts
                0x00010450       0x40 C:/XDK-Workbench/workspace/SendAccelerometerDataOverBle/debug/objects/./../Libraries/EMlib/EMLib/usb/src/em_usbdint.o
 .text.USBDHAL_EnableInts
                0x00010490       0x70 C:/XDK-Workbench/workspace/SendAccelerometerDataOverBle/debug/objects/./../Libraries/EMlib/EMLib/usb/src/em_usbdint.o
 .text.USBDHAL_Ep0Activate
                0x00010500       0x70 C:/XDK-Workbench/workspace/SendAccelerometerDataOverBle/debug/objects/./../Libraries/EMlib/EMLib/usb/src/em_usbdint.o
 .text.USBDHAL_GetAllInEpInts
                0x00010570       0x48 C:/XDK-Workbench/workspace/SendAccelerometerDataOverBle/debug/objects/./../Libraries/EMlib/EMLib/usb/src/em_usbdint.o
 .text.USBDHAL_GetAllOutEpInts
                0x000105b8       0x44 C:/XDK-Workbench/workspace/SendAccelerometerDataOverBle/debug/objects/./../Libraries/EMlib/EMLib/usb/src/em_usbdint.o
 .text.USBDHAL_GetInEpInts
                0x000105fc       0x44 C:/XDK-Workbench/workspace/SendAccelerometerDataOverBle/debug/objects/./../Libraries/EMlib/EMLib/usb/src/em_usbdint.o
 .text.USBDHAL_GetOutEpInts
                0x00010640       0x44 C:/XDK-Workbench/workspace/SendAccelerometerDataOverBle/debug/objects/./../Libraries/EMlib/EMLib/usb/src/em_usbdint.o
 .text.USBDHAL_StartEp0Setup
                0x00010684       0x88 C:/XDK-Workbench/workspace/SendAccelerometerDataOverBle/debug/objects/./../Libraries/EMlib/EMLib/usb/src/em_usbdint.o
 .text.USBD_GetEpFromAddr
                0x0001070c       0xa0 C:/XDK-Workbench/workspace/SendAccelerometerDataOverBle/debug/objects/./../Libraries/EMlib/EMLib/usb/src/em_usbdint.o
 .text.USB_IRQHandler
                0x000107ac      0x16c C:/XDK-Workbench/workspace/SendAccelerometerDataOverBle/debug/objects/./../Libraries/EMlib/EMLib/usb/src/em_usbdint.o
                0x000107ac                USB_IRQHandler
 .text.Handle_USB_GINTSTS_ENUMDONE
                0x00010918       0x3c C:/XDK-Workbench/workspace/SendAccelerometerDataOverBle/debug/objects/./../Libraries/EMlib/EMLib/usb/src/em_usbdint.o
 .text.Handle_USB_GINTSTS_IEPINT
                0x00010954      0x118 C:/XDK-Workbench/workspace/SendAccelerometerDataOverBle/debug/objects/./../Libraries/EMlib/EMLib/usb/src/em_usbdint.o
 .text.Handle_USB_GINTSTS_OEPINT
                0x00010a6c      0x230 C:/XDK-Workbench/workspace/SendAccelerometerDataOverBle/debug/objects/./../Libraries/EMlib/EMLib/usb/src/em_usbdint.o
 .text.Handle_USB_GINTSTS_RESETDET
                0x00010c9c       0x40 C:/XDK-Workbench/workspace/SendAccelerometerDataOverBle/debug/objects/./../Libraries/EMlib/EMLib/usb/src/em_usbdint.o
 .text.Handle_USB_GINTSTS_SOF
                0x00010cdc       0x64 C:/XDK-Workbench/workspace/SendAccelerometerDataOverBle/debug/objects/./../Libraries/EMlib/EMLib/usb/src/em_usbdint.o
 .text.Handle_USB_GINTSTS_USBRST
                0x00010d40      0x150 C:/XDK-Workbench/workspace/SendAccelerometerDataOverBle/debug/objects/./../Libraries/EMlib/EMLib/usb/src/em_usbdint.o
 .text.Handle_USB_GINTSTS_USBSUSP
                0x00010e90       0x68 C:/XDK-Workbench/workspace/SendAccelerometerDataOverBle/debug/objects/./../Libraries/EMlib/EMLib/usb/src/em_usbdint.o
 .text.Handle_USB_GINTSTS_WKUPINT
                0x00010ef8       0x30 C:/XDK-Workbench/workspace/SendAccelerometerDataOverBle/debug/objects/./../Libraries/EMlib/EMLib/usb/src/em_usbdint.o
 .text.main     0x00010f28       0x10 C:/XDK-Workbench/workspace/SendAccelerometerDataOverBle/debug/objects/main.o
                0x00010f28                main
 .text.notificationCallback
                0x00010f38       0x50 C:/XDK-Workbench/workspace/SendAccelerometerDataOverBle/debug/objects/SendAccelerometerDataOverBle.o
 .text.interruptHandling
                0x00010f88      0x18c C:/XDK-Workbench/workspace/SendAccelerometerDataOverBle/debug/objects/SendAccelerometerDataOverBle.o
 .text.bleAccelDataTransmit
                0x00011114      0x14c C:/XDK-Workbench/workspace/SendAccelerometerDataOverBle/debug/objects/SendAccelerometerDataOverBle.o
 .text.bleAppHandler
                0x00011260       0x1c C:/XDK-Workbench/workspace/SendAccelerometerDataOverBle/debug/objects/SendAccelerometerDataOverBle.o
 .text.bleAlpwDataExchangeService
                0x0001127c      0x20c C:/XDK-Workbench/workspace/SendAccelerometerDataOverBle/debug/objects/SendAccelerometerDataOverBle.o
 .text.bleAppServiceRegister
                0x00011488       0x34 C:/XDK-Workbench/workspace/SendAccelerometerDataOverBle/debug/objects/SendAccelerometerDataOverBle.o
 .text.callbackIsr
                0x000114bc       0x90 C:/XDK-Workbench/workspace/SendAccelerometerDataOverBle/debug/objects/SendAccelerometerDataOverBle.o
                0x000114bc                callbackIsr
 .text.init     0x0001154c      0x1e4 C:/XDK-Workbench/workspace/SendAccelerometerDataOverBle/debug/objects/SendAccelerometerDataOverBle.o
                0x0001154c                init
 .text.appInitSystem
                0x00011730       0x14 C:/XDK-Workbench/workspace/SendAccelerometerDataOverBle/debug/objects/SendAccelerometerDataOverBle.o
                0x00011730                appInitSystem
 .text          0x00011744       0x98 C:/XDK-Workbench/workspace/SendAccelerometerDataOverBle/debug/objects/startup_efm32gg.o
                0x00011744                Reset_Handler
                0x00011778                Default_Handler
                0x0001177a                NMI_Handler
                0x0001177c                HardFault_Handler
                0x0001177e                MemManage_Handler
                0x00011780                BusFault_Handler
                0x00011782                UsageFault_Handler
                0x00011786                DebugMon_Handler
                0x0001178a                SysTick_Handler
                0x0001178c                DMA_IRQHandler
                0x00011796                ACMP0_IRQHandler
                0x0001179a                ADC0_IRQHandler
                0x0001179c                DAC0_IRQHandler
                0x000117a4                TIMER1_IRQHandler
                0x000117a6                TIMER2_IRQHandler
                0x000117a8                TIMER3_IRQHandler
                0x000117ae                LESENSE_IRQHandler
                0x000117c0                LETIMER0_IRQHandler
                0x000117c2                PCNT0_IRQHandler
                0x000117c4                PCNT1_IRQHandler
                0x000117c6                PCNT2_IRQHandler
                0x000117ca                BURTC_IRQHandler
                0x000117cc                CMU_IRQHandler
                0x000117ce                VCMP_IRQHandler
                0x000117d0                LCD_IRQHandler
                0x000117d2                MSC_IRQHandler
                0x000117d4                AES_IRQHandler
                0x000117d6                EBI_IRQHandler
                0x000117d8                EMU_IRQHandler
 .text.GPIO_PinOutClear
                0x000117dc       0x4c ./../Platform/BLE/debug/libBLE_efm32_debug.a(BLE_serialDriver_cc.o)
 .text.GPIO_PinOutSet
                0x00011828       0x4c ./../Platform/BLE/debug/libBLE_efm32_debug.a(BLE_serialDriver_cc.o)
 .text.bleHciPtdConfig
                0x00011874       0x88 ./../Platform/BLE/debug/libBLE_efm32_debug.a(BLE_serialDriver_cc.o)
 .text.BLE_hciDriverInit
                0x000118fc       0x40 ./../Platform/BLE/debug/libBLE_efm32_debug.a(BLE_serialDriver_cc.o)
                0x000118fc                BLE_hciDriverInit
 .text.BLE_hciDriverDeinit
                0x0001193c       0x24 ./../Platform/BLE/debug/libBLE_efm32_debug.a(BLE_serialDriver_cc.o)
                0x0001193c                BLE_hciDriverDeinit
 .text.BLE_hciReceiveData
                0x00011960       0x5c ./../Platform/BLE/debug/libBLE_efm32_debug.a(BLE_serialDriver_cc.o)
                0x00011960                BLE_hciReceiveData
 .text.BLE_hciAssertWakeupPin
                0x000119bc       0x14 ./../Platform/BLE/debug/libBLE_efm32_debug.a(BLE_serialDriver_cc.o)
                0x000119bc                BLE_hciAssertWakeupPin
 .text.BLE_hciDeassertWakeupPin
                0x000119d0       0x14 ./../Platform/BLE/debug/libBLE_efm32_debug.a(BLE_serialDriver_cc.o)
                0x000119d0                BLE_hciDeassertWakeupPin
 .text.BLE_hciSendData
                0x000119e4       0x3c ./../Platform/BLE/debug/libBLE_efm32_debug.a(BLE_serialDriver_cc.o)
                0x000119e4                BLE_hciSendData
 .text.bleCoreCallback
                0x00011a20      0x224 ./../Platform/BLE/debug/libBLE_efm32_debug.a(BLE_stateHandler_cc.o)
 .text.bleGapCallback
                0x00011c44      0x1e0 ./../Platform/BLE/debug/libBLE_efm32_debug.a(BLE_stateHandler_cc.o)
 .text.bleSetNonConnectableState
                0x00011e24       0x40 ./../Platform/BLE/debug/libBLE_efm32_debug.a(BLE_stateHandler_cc.o)
 .text.BLE_coreStackInit
                0x00011e64       0x60 ./../Platform/BLE/debug/libBLE_efm32_debug.a(BLE_stateHandler_cc.o)
                0x00011e64                BLE_coreStackInit
 .text.BLEMGMT_NotifyToRun
                0x00011ec4       0x24 ./../Platform/BLE/debug/libBLE_efm32_debug.a(BLE_stateHandler_cc.o)
                0x00011ec4                BLEMGMT_NotifyToRun
 .text.BLE_coreStateMachine
                0x00011ee8      0x308 ./../Platform/BLE/debug/libBLE_efm32_debug.a(BLE_stateHandler_cc.o)
                0x00011ee8                BLE_coreStateMachine
 .text.BLE_setDeviceToSleep
                0x000121f0       0x6c ./../Platform/BLE/debug/libBLE_efm32_debug.a(BLE_stateHandler_cc.o)
                0x000121f0                BLE_setDeviceToSleep
 .text.BLE_customServiceRegistry
                0x0001225c       0x34 ./../Platform/BLE/debug/libBLE_efm32_debug.a(BLE_stateHandler_cc.o)
                0x0001225c                BLE_customServiceRegistry
 .text.BLE_setMode
                0x00012290      0x104 ./../Platform/BLE/debug/libBLE_efm32_debug.a(BLE_stateHandler_cc.o)
                0x00012290                BLE_setMode
 .text.BLE_getMode
                0x00012394       0xa4 ./../Platform/BLE/debug/libBLE_efm32_debug.a(BLE_stateHandler_cc.o)
                0x00012394                BLE_getMode
 .text.BLE_setDeviceName
                0x00012438       0x6c ./../Platform/BLE/debug/libBLE_efm32_debug.a(BLE_stateHandler_cc.o)
                0x00012438                BLE_setDeviceName
 .text.BLE_enablenotificationForConnect
                0x000124a4       0x48 ./../Platform/BLE/debug/libBLE_efm32_debug.a(BLE_stateHandler_cc.o)
                0x000124a4                BLE_enablenotificationForConnect
 .text.SendCommand
                0x000124ec      0x168 ./../Platform/BLE/debug/libBLE_efm32_debug.a(BLE_radioInterface_cc.o)
 .text.BLE_checkAddressValidity
                0x00012654       0x3c ./../Platform/BLE/debug/libBLE_efm32_debug.a(BLE_radioInterface_cc.o)
 .text.BLERADIO_Init
                0x00012690       0x44 ./../Platform/BLE/debug/libBLE_efm32_debug.a(BLE_radioInterface_cc.o)
                0x00012690                BLERADIO_Init
 .text.BLERADIO_HCIEventHandler
                0x000126d4      0x234 ./../Platform/BLE/debug/libBLE_efm32_debug.a(BLE_radioInterface_cc.o)
                0x000126d4                BLERADIO_HCIEventHandler
 .text.BLERADIO_SetPublicAddress
                0x00012908       0x44 ./../Platform/BLE/debug/libBLE_efm32_debug.a(BLE_radioInterface_cc.o)
                0x00012908                BLERADIO_SetPublicAddress
 .text.BLERADIO_RegisterGetPublicAddressCallback
                0x0001294c       0x34 ./../Platform/BLE/debug/libBLE_efm32_debug.a(BLE_radioInterface_cc.o)
                0x0001294c                BLERADIO_RegisterGetPublicAddressCallback
 .text.BLERADIO_IsPublicAddressValid
                0x00012980       0x18 ./../Platform/BLE/debug/libBLE_efm32_debug.a(BLE_radioInterface_cc.o)
                0x00012980                BLERADIO_IsPublicAddressValid
 .text.Retcode_getPackage
                0x00012998       0x1c ./../Platform/Sensors/debug/libSensors_efm32_debug.a(Accelerometer.o)
 .text.bma2x2LibErrorMapping
                0x000129b4       0x48 ./../Platform/Sensors/debug/libSensors_efm32_debug.a(Accelerometer.o)
 .text.bmi160LibErrorMapping
                0x000129fc       0x48 ./../Platform/Sensors/debug/libSensors_efm32_debug.a(Accelerometer.o)
 .text.Accelerometer_init
                0x00012a44       0xd0 ./../Platform/Sensors/debug/libSensors_efm32_debug.a(Accelerometer.o)
                0x00012a44                Accelerometer_init
 .text.Accelerometer_readXyzLsbValue
                0x00012b14      0x1a4 ./../Platform/Sensors/debug/libSensors_efm32_debug.a(Accelerometer.o)
                0x00012b14                Accelerometer_readXyzLsbValue
 .text.Retcode_getPackage
                0x00012cb8       0x1c ./../Platform/SensorUtils/debug/libSensorUtils_efm32_debug.a(Bma280Utils.o)
 .text.GPIO_PinOutSet
                0x00012cd4       0x4c ./../Platform/SensorUtils/debug/libSensorUtils_efm32_debug.a(Bma280Utils.o)
 .text.libErrorMapping
                0x00012d20       0x48 ./../Platform/SensorUtils/debug/libSensorUtils_efm32_debug.a(Bma280Utils.o)
 .text.Bma280Utils_initialize
                0x00012d68      0x27c ./../Platform/SensorUtils/debug/libSensorUtils_efm32_debug.a(Bma280Utils.o)
                0x00012d68                Bma280Utils_initialize
 .text.Bma280Utils_remapAxis
                0x00012fe4       0xb0 ./../Platform/SensorUtils/debug/libSensorUtils_efm32_debug.a(Bma280Utils.o)
                0x00012fe4                Bma280Utils_remapAxis
 .text.AxisRemap_remapSensorData
                0x00013094      0x184 ./../Platform/SensorUtils/debug/libSensorUtils_efm32_debug.a(AxisRemap.o)
                0x00013094                AxisRemap_remapSensorData
 .text.Retcode_getPackage
                0x00013218       0x1c ./../Platform/SensorUtils/debug/libSensorUtils_efm32_debug.a(Bmi160Utils.o)
 .text.GPIO_PinOutSet
                0x00013234       0x4c ./../Platform/SensorUtils/debug/libSensorUtils_efm32_debug.a(Bmi160Utils.o)
 .text.libErrorMapping
                0x00013280       0x48 ./../Platform/SensorUtils/debug/libSensorUtils_efm32_debug.a(Bmi160Utils.o)
 .text.Bmi160Utils_initialize
                0x000132c8      0x294 ./../Platform/SensorUtils/debug/libSensorUtils_efm32_debug.a(Bmi160Utils.o)
                0x000132c8                Bmi160Utils_initialize
 .text.Bmi160Utils_remapAxis
                0x0001355c       0xb0 ./../Platform/SensorUtils/debug/libSensorUtils_efm32_debug.a(Bmi160Utils.o)
                0x0001355c                Bmi160Utils_remapAxis
 .text.xQueueGenericReset
                0x0001360c       0xc8 ./../Libraries/FreeRTOS/FreeRTOS/../BCDS_Customization/debug/libFreeRTOS_efm32_debug.a(queue.o)
                0x0001360c                xQueueGenericReset
 .text.xQueueGenericCreate
                0x000136d4       0x90 ./../Libraries/FreeRTOS/FreeRTOS/../BCDS_Customization/debug/libFreeRTOS_efm32_debug.a(queue.o)
                0x000136d4                xQueueGenericCreate
 .text.xQueueCreateMutex
                0x00013764       0xb0 ./../Libraries/FreeRTOS/FreeRTOS/../BCDS_Customization/debug/libFreeRTOS_efm32_debug.a(queue.o)
                0x00013764                xQueueCreateMutex
 .text.xQueueGenericSend
                0x00013814      0x19c ./../Libraries/FreeRTOS/FreeRTOS/../BCDS_Customization/debug/libFreeRTOS_efm32_debug.a(queue.o)
                0x00013814                xQueueGenericSend
 .text.xQueueGenericSendFromISR
                0x000139b0       0xec ./../Libraries/FreeRTOS/FreeRTOS/../BCDS_Customization/debug/libFreeRTOS_efm32_debug.a(queue.o)
                0x000139b0                xQueueGenericSendFromISR
 .text.xQueueGenericReceive
                0x00013a9c      0x1e0 ./../Libraries/FreeRTOS/FreeRTOS/../BCDS_Customization/debug/libFreeRTOS_efm32_debug.a(queue.o)
                0x00013a9c                xQueueGenericReceive
 .text.xQueueReceiveFromISR
                0x00013c7c       0xcc ./../Libraries/FreeRTOS/FreeRTOS/../BCDS_Customization/debug/libFreeRTOS_efm32_debug.a(queue.o)
                0x00013c7c                xQueueReceiveFromISR
 .text.prvCopyDataToQueue
                0x00013d48       0xdc ./../Libraries/FreeRTOS/FreeRTOS/../BCDS_Customization/debug/libFreeRTOS_efm32_debug.a(queue.o)
 .text.prvCopyDataFromQueue
                0x00013e24       0x50 ./../Libraries/FreeRTOS/FreeRTOS/../BCDS_Customization/debug/libFreeRTOS_efm32_debug.a(queue.o)
 .text.prvUnlockQueue
                0x00013e74       0xa0 ./../Libraries/FreeRTOS/FreeRTOS/../BCDS_Customization/debug/libFreeRTOS_efm32_debug.a(queue.o)
 .text.prvIsQueueEmpty
                0x00013f14       0x34 ./../Libraries/FreeRTOS/FreeRTOS/../BCDS_Customization/debug/libFreeRTOS_efm32_debug.a(queue.o)
 .text.prvIsQueueFull
                0x00013f48       0x38 ./../Libraries/FreeRTOS/FreeRTOS/../BCDS_Customization/debug/libFreeRTOS_efm32_debug.a(queue.o)
 .text.vQueueAddToRegistry
                0x00013f80       0x64 ./../Libraries/FreeRTOS/FreeRTOS/../BCDS_Customization/debug/libFreeRTOS_efm32_debug.a(queue.o)
                0x00013f80                vQueueAddToRegistry
 .text.vQueueWaitForMessageRestricted
                0x00013fe4       0x60 ./../Libraries/FreeRTOS/FreeRTOS/../BCDS_Customization/debug/libFreeRTOS_efm32_debug.a(queue.o)
                0x00013fe4                vQueueWaitForMessageRestricted
 .text.xTaskGenericCreate
                0x00014044      0x1d0 ./../Libraries/FreeRTOS/FreeRTOS/../BCDS_Customization/debug/libFreeRTOS_efm32_debug.a(tasks.o)
                0x00014044                xTaskGenericCreate
 .text.vTaskDelay
                0x00014214       0x78 ./../Libraries/FreeRTOS/FreeRTOS/../BCDS_Customization/debug/libFreeRTOS_efm32_debug.a(tasks.o)
                0x00014214                vTaskDelay
 .text.vTaskStartScheduler
                0x0001428c       0x94 ./../Libraries/FreeRTOS/FreeRTOS/../BCDS_Customization/debug/libFreeRTOS_efm32_debug.a(tasks.o)
                0x0001428c                vTaskStartScheduler
 .text.vTaskSuspendAll
                0x00014320       0x24 ./../Libraries/FreeRTOS/FreeRTOS/../BCDS_Customization/debug/libFreeRTOS_efm32_debug.a(tasks.o)
                0x00014320                vTaskSuspendAll
 .text.xTaskResumeAll
                0x00014344      0x17c ./../Libraries/FreeRTOS/FreeRTOS/../BCDS_Customization/debug/libFreeRTOS_efm32_debug.a(tasks.o)
                0x00014344                xTaskResumeAll
 .text.xTaskGetTickCount
                0x000144c0       0x28 ./../Libraries/FreeRTOS/FreeRTOS/../BCDS_Customization/debug/libFreeRTOS_efm32_debug.a(tasks.o)
                0x000144c0                xTaskGetTickCount
 .text.xTaskIncrementTick
                0x000144e8      0x208 ./../Libraries/FreeRTOS/FreeRTOS/../BCDS_Customization/debug/libFreeRTOS_efm32_debug.a(tasks.o)
                0x000144e8                xTaskIncrementTick
 .text.vTaskSwitchContext
                0x000146f0      0x16c ./../Libraries/FreeRTOS/FreeRTOS/../BCDS_Customization/debug/libFreeRTOS_efm32_debug.a(tasks.o)
                0x000146f0                vTaskSwitchContext
 .text.vTaskPlaceOnEventList
                0x0001485c       0x90 ./../Libraries/FreeRTOS/FreeRTOS/../BCDS_Customization/debug/libFreeRTOS_efm32_debug.a(tasks.o)
                0x0001485c                vTaskPlaceOnEventList
 .text.vTaskPlaceOnEventListRestricted
                0x000148ec       0x68 ./../Libraries/FreeRTOS/FreeRTOS/../BCDS_Customization/debug/libFreeRTOS_efm32_debug.a(tasks.o)
                0x000148ec                vTaskPlaceOnEventListRestricted
 .text.xTaskRemoveFromEventList
                0x00014954       0xe8 ./../Libraries/FreeRTOS/FreeRTOS/../BCDS_Customization/debug/libFreeRTOS_efm32_debug.a(tasks.o)
                0x00014954                xTaskRemoveFromEventList
 .text.vTaskSetTimeOutState
                0x00014a3c       0x44 ./../Libraries/FreeRTOS/FreeRTOS/../BCDS_Customization/debug/libFreeRTOS_efm32_debug.a(tasks.o)
                0x00014a3c                vTaskSetTimeOutState
 .text.xTaskCheckForTimeOut
                0x00014a80       0xc4 ./../Libraries/FreeRTOS/FreeRTOS/../BCDS_Customization/debug/libFreeRTOS_efm32_debug.a(tasks.o)
                0x00014a80                xTaskCheckForTimeOut
 .text.vTaskMissedYield
                0x00014b44       0x18 ./../Libraries/FreeRTOS/FreeRTOS/../BCDS_Customization/debug/libFreeRTOS_efm32_debug.a(tasks.o)
                0x00014b44                vTaskMissedYield
 .text.prvIdleTask
                0x00014b5c       0x10 ./../Libraries/FreeRTOS/FreeRTOS/../BCDS_Customization/debug/libFreeRTOS_efm32_debug.a(tasks.o)
 .text.prvInitialiseTCBVariables
                0x00014b6c       0xa0 ./../Libraries/FreeRTOS/FreeRTOS/../BCDS_Customization/debug/libFreeRTOS_efm32_debug.a(tasks.o)
 .text.prvInitialiseTaskLists
                0x00014c0c       0xa4 ./../Libraries/FreeRTOS/FreeRTOS/../BCDS_Customization/debug/libFreeRTOS_efm32_debug.a(tasks.o)
 .text.prvCheckTasksWaitingTermination
                0x00014cb0       0x9c ./../Libraries/FreeRTOS/FreeRTOS/../BCDS_Customization/debug/libFreeRTOS_efm32_debug.a(tasks.o)
 .text.prvAddCurrentTaskToDelayedList
                0x00014d4c       0x8c ./../Libraries/FreeRTOS/FreeRTOS/../BCDS_Customization/debug/libFreeRTOS_efm32_debug.a(tasks.o)
 .text.prvAllocateTCBAndStack
                0x00014dd8       0x70 ./../Libraries/FreeRTOS/FreeRTOS/../BCDS_Customization/debug/libFreeRTOS_efm32_debug.a(tasks.o)
 .text.prvDeleteTCB
                0x00014e48       0x20 ./../Libraries/FreeRTOS/FreeRTOS/../BCDS_Customization/debug/libFreeRTOS_efm32_debug.a(tasks.o)
 .text.prvResetNextTaskUnblockTime
                0x00014e68       0x5c ./../Libraries/FreeRTOS/FreeRTOS/../BCDS_Customization/debug/libFreeRTOS_efm32_debug.a(tasks.o)
 .text.xTaskGetCurrentTaskHandle
                0x00014ec4       0x20 ./../Libraries/FreeRTOS/FreeRTOS/../BCDS_Customization/debug/libFreeRTOS_efm32_debug.a(tasks.o)
                0x00014ec4                xTaskGetCurrentTaskHandle
 .text.xTaskGetSchedulerState
                0x00014ee4       0x48 ./../Libraries/FreeRTOS/FreeRTOS/../BCDS_Customization/debug/libFreeRTOS_efm32_debug.a(tasks.o)
                0x00014ee4                xTaskGetSchedulerState
 .text.vTaskPriorityInherit
                0x00014f2c       0xf0 ./../Libraries/FreeRTOS/FreeRTOS/../BCDS_Customization/debug/libFreeRTOS_efm32_debug.a(tasks.o)
                0x00014f2c                vTaskPriorityInherit
 .text.vTaskPriorityDisinherit
                0x0001501c       0x98 ./../Libraries/FreeRTOS/FreeRTOS/../BCDS_Customization/debug/libFreeRTOS_efm32_debug.a(tasks.o)
                0x0001501c                vTaskPriorityDisinherit
 .text.xTimerCreateTimerTask
                0x000150b4       0x78 ./../Libraries/FreeRTOS/FreeRTOS/../BCDS_Customization/debug/libFreeRTOS_efm32_debug.a(timers.o)
                0x000150b4                xTimerCreateTimerTask
 .text.xTimerCreate
                0x0001512c       0x7c ./../Libraries/FreeRTOS/FreeRTOS/../BCDS_Customization/debug/libFreeRTOS_efm32_debug.a(timers.o)
                0x0001512c                xTimerCreate
 .text.xTimerGenericCommand
                0x000151a8       0xac ./../Libraries/FreeRTOS/FreeRTOS/../BCDS_Customization/debug/libFreeRTOS_efm32_debug.a(timers.o)
                0x000151a8                xTimerGenericCommand
 .text.prvProcessExpiredTimer
                0x00015254       0x88 ./../Libraries/FreeRTOS/FreeRTOS/../BCDS_Customization/debug/libFreeRTOS_efm32_debug.a(timers.o)
 .text.prvTimerTask
                0x000152dc       0x24 ./../Libraries/FreeRTOS/FreeRTOS/../BCDS_Customization/debug/libFreeRTOS_efm32_debug.a(timers.o)
 .text.prvProcessTimerOrBlockTask
                0x00015300       0x74 ./../Libraries/FreeRTOS/FreeRTOS/../BCDS_Customization/debug/libFreeRTOS_efm32_debug.a(timers.o)
 .text.prvGetNextExpireTime
                0x00015374       0x54 ./../Libraries/FreeRTOS/FreeRTOS/../BCDS_Customization/debug/libFreeRTOS_efm32_debug.a(timers.o)
 .text.prvSampleTimeNow
                0x000153c8       0x4c ./../Libraries/FreeRTOS/FreeRTOS/../BCDS_Customization/debug/libFreeRTOS_efm32_debug.a(timers.o)
 .text.prvInsertTimerInActiveList
                0x00015414       0x94 ./../Libraries/FreeRTOS/FreeRTOS/../BCDS_Customization/debug/libFreeRTOS_efm32_debug.a(timers.o)
 .text.prvProcessReceivedCommands
                0x000154a8      0x174 ./../Libraries/FreeRTOS/FreeRTOS/../BCDS_Customization/debug/libFreeRTOS_efm32_debug.a(timers.o)
 .text.prvSwitchTimerLists
                0x0001561c       0xf0 ./../Libraries/FreeRTOS/FreeRTOS/../BCDS_Customization/debug/libFreeRTOS_efm32_debug.a(timers.o)
 .text.prvCheckForValidListAndQueue
                0x0001570c       0xb8 ./../Libraries/FreeRTOS/FreeRTOS/../BCDS_Customization/debug/libFreeRTOS_efm32_debug.a(timers.o)
 .text.xTimerPendFunctionCallFromISR
                0x000157c4       0x4c ./../Libraries/FreeRTOS/FreeRTOS/../BCDS_Customization/debug/libFreeRTOS_efm32_debug.a(timers.o)
                0x000157c4                xTimerPendFunctionCallFromISR
 .text.pvPortMalloc
                0x00015810      0x188 ./../Libraries/FreeRTOS/FreeRTOS/../BCDS_Customization/debug/libFreeRTOS_efm32_debug.a(heap_4.o)
                0x00015810                pvPortMalloc
 .text.vPortFree
                0x00015998       0xcc ./../Libraries/FreeRTOS/FreeRTOS/../BCDS_Customization/debug/libFreeRTOS_efm32_debug.a(heap_4.o)
                0x00015998                vPortFree
 .text.prvHeapInit
                0x00015a64      0x100 ./../Libraries/FreeRTOS/FreeRTOS/../BCDS_Customization/debug/libFreeRTOS_efm32_debug.a(heap_4.o)
 .text.prvInsertBlockIntoFreeList
                0x00015b64       0xbc ./../Libraries/FreeRTOS/FreeRTOS/../BCDS_Customization/debug/libFreeRTOS_efm32_debug.a(heap_4.o)
 .text.pxPortInitialiseStack
                0x00015c20       0x64 ./../Libraries/FreeRTOS/FreeRTOS/../BCDS_Customization/debug/libFreeRTOS_efm32_debug.a(port.o)
                0x00015c20                pxPortInitialiseStack
 .text.prvTaskExitError
                0x00015c84       0x2c ./../Libraries/FreeRTOS/FreeRTOS/../BCDS_Customization/debug/libFreeRTOS_efm32_debug.a(port.o)
 .text.SVC_Handler
                0x00015cb0       0x24 ./../Libraries/FreeRTOS/FreeRTOS/../BCDS_Customization/debug/libFreeRTOS_efm32_debug.a(port.o)
                0x00015cb0                SVC_Handler
 .text.prvPortStartFirstTask
                0x00015cd4       0x1c ./../Libraries/FreeRTOS/FreeRTOS/../BCDS_Customization/debug/libFreeRTOS_efm32_debug.a(port.o)
 .text.xPortStartScheduler
                0x00015cf0      0x10c ./../Libraries/FreeRTOS/FreeRTOS/../BCDS_Customization/debug/libFreeRTOS_efm32_debug.a(port.o)
                0x00015cf0                xPortStartScheduler
 .text.vPortYield
                0x00015dfc       0x20 ./../Libraries/FreeRTOS/FreeRTOS/../BCDS_Customization/debug/libFreeRTOS_efm32_debug.a(port.o)
                0x00015dfc                vPortYield
 .text.vPortEnterCritical
                0x00015e1c       0x2c ./../Libraries/FreeRTOS/FreeRTOS/../BCDS_Customization/debug/libFreeRTOS_efm32_debug.a(port.o)
                0x00015e1c                vPortEnterCritical
 .text.vPortExitCritical
                0x00015e48       0x54 ./../Libraries/FreeRTOS/FreeRTOS/../BCDS_Customization/debug/libFreeRTOS_efm32_debug.a(port.o)
                0x00015e48                vPortExitCritical
 .text.ulPortSetInterruptMask
                0x00015e9c       0x14 ./../Libraries/FreeRTOS/FreeRTOS/../BCDS_Customization/debug/libFreeRTOS_efm32_debug.a(port.o)
                0x00015e9c                ulPortSetInterruptMask
 .text.vPortClearInterruptMask
                0x00015eb0        0x8 ./../Libraries/FreeRTOS/FreeRTOS/../BCDS_Customization/debug/libFreeRTOS_efm32_debug.a(port.o)
                0x00015eb0                vPortClearInterruptMask
 .text.PendSV_Handler
                0x00015eb8       0x44 ./../Libraries/FreeRTOS/FreeRTOS/../BCDS_Customization/debug/libFreeRTOS_efm32_debug.a(port.o)
                0x00015eb8                PendSV_Handler
 .text.vPortValidateInterruptPriority
                0x00015efc       0x78 ./../Libraries/FreeRTOS/FreeRTOS/../BCDS_Customization/debug/libFreeRTOS_efm32_debug.a(port.o)
                0x00015efc                vPortValidateInterruptPriority
 .text.vListInitialise
                0x00015f74       0x40 ./../Libraries/FreeRTOS/FreeRTOS/../BCDS_Customization/debug/libFreeRTOS_efm32_debug.a(list.o)
                0x00015f74                vListInitialise
 .text.vListInitialiseItem
                0x00015fb4       0x1c ./../Libraries/FreeRTOS/FreeRTOS/../BCDS_Customization/debug/libFreeRTOS_efm32_debug.a(list.o)
                0x00015fb4                vListInitialiseItem
 .text.vListInsertEnd
                0x00015fd0       0x48 ./../Libraries/FreeRTOS/FreeRTOS/../BCDS_Customization/debug/libFreeRTOS_efm32_debug.a(list.o)
                0x00015fd0                vListInsertEnd
 .text.vListInsert
                0x00016018       0x74 ./../Libraries/FreeRTOS/FreeRTOS/../BCDS_Customization/debug/libFreeRTOS_efm32_debug.a(list.o)
                0x00016018                vListInsert
 .text.uxListRemove
                0x0001608c       0x58 ./../Libraries/FreeRTOS/FreeRTOS/../BCDS_Customization/debug/libFreeRTOS_efm32_debug.a(list.o)
                0x0001608c                uxListRemove
 .text.I2C_init
                0x000160e4      0x100 ./../Platform/Peripherals/debug/libPeripherals_efm32_debug.a(I2C_cc.o)
                0x000160e4                I2C_init
 .text.I2C_delayFunction
                0x000161e4       0x54 ./../Platform/Peripherals/debug/libPeripherals_efm32_debug.a(I2C_cc.o)
                0x000161e4                I2C_delayFunction
 .text.I2C_i2cDecodeCallbackFunction
                0x00016238      0x1b8 ./../Platform/Peripherals/debug/libPeripherals_efm32_debug.a(I2C_cc.o)
                0x00016238                I2C_i2cDecodeCallbackFunction
 .text.I2C_busWriteChannel0
                0x000163f0       0xcc ./../Platform/Peripherals/debug/libPeripherals_efm32_debug.a(I2C_cc.o)
                0x000163f0                I2C_busWriteChannel0
 .text.I2C_busWriteChannel1
                0x000164bc       0xcc ./../Platform/Peripherals/debug/libPeripherals_efm32_debug.a(I2C_cc.o)
                0x000164bc                I2C_busWriteChannel1
 .text.I2C_busReadChannel0
                0x00016588      0x100 ./../Platform/Peripherals/debug/libPeripherals_efm32_debug.a(I2C_cc.o)
                0x00016588                I2C_busReadChannel0
 .text.I2C_busReadChannel1
                0x00016688      0x100 ./../Platform/Peripherals/debug/libPeripherals_efm32_debug.a(I2C_cc.o)
                0x00016688                I2C_busReadChannel1
 .text.SID_init
                0x00016788       0xc4 ./../Platform/Peripherals/debug/libPeripherals_efm32_debug.a(SID_serialDriverInf_cc.o)
                0x00016788                SID_init
 .text.SID_send
                0x0001684c       0x9c ./../Platform/Peripherals/debug/libPeripherals_efm32_debug.a(SID_serialDriverInf_cc.o)
                0x0001684c                SID_send
 .text.NVIC_EnableIRQ
                0x000168e8       0x38 ./../Platform/Peripherals/debug/libPeripherals_efm32_debug.a(I2C_efm32Driver_cc.o)
 .text.NVIC_ClearPendingIRQ
                0x00016920       0x3c ./../Platform/Peripherals/debug/libPeripherals_efm32_debug.a(I2C_efm32Driver_cc.o)
 .text.I2C_initCtrSpecific
                0x0001695c      0x114 ./../Platform/Peripherals/debug/libPeripherals_efm32_debug.a(I2C_efm32Driver_cc.o)
                0x0001695c                I2C_initCtrSpecific
 .text.I2C_startTransfer
                0x00016a70       0xac ./../Platform/Peripherals/debug/libPeripherals_efm32_debug.a(I2C_efm32Driver_cc.o)
                0x00016a70                I2C_startTransfer
 .text.I2C0_IRQHandler
                0x00016b1c      0x3b4 ./../Platform/Peripherals/debug/libPeripherals_efm32_debug.a(I2C_efm32Driver_cc.o)
                0x00016b1c                I2C0_IRQHandler
 .text.I2C1_IRQHandler
                0x00016ed0      0x3b4 ./../Platform/Peripherals/debug/libPeripherals_efm32_debug.a(I2C_efm32Driver_cc.o)
                0x00016ed0                I2C1_IRQHandler
 .text.I2C_triggerTransfer
                0x00017284       0xc4 ./../Platform/Peripherals/debug/libPeripherals_efm32_debug.a(I2C_efm32Driver_cc.o)
                0x00017284                I2C_triggerTransfer
 .text.I2C_triggerNextI2CTransfer
                0x00017348      0x138 ./../Platform/Peripherals/debug/libPeripherals_efm32_debug.a(I2C_efm32Driver_cc.o)
                0x00017348                I2C_triggerNextI2CTransfer
 .text.I2C_isTransferCompleted
                0x00017480       0x34 ./../Platform/Peripherals/debug/libPeripherals_efm32_debug.a(I2C_efm32Driver_cc.o)
                0x00017480                I2C_isTransferCompleted
 .text.I2C_getStatus
                0x000174b4       0x18 ./../Platform/Peripherals/debug/libPeripherals_efm32_debug.a(I2C_efm32Driver_cc.o)
                0x000174b4                I2C_getStatus
 .text.NVIC_EnableIRQ
                0x000174cc       0x38 ./../Platform/Peripherals/debug/libPeripherals_efm32_debug.a(PTD_portDriver_cc.o)
 .text.NVIC_ClearPendingIRQ
                0x00017504       0x3c ./../Platform/Peripherals/debug/libPeripherals_efm32_debug.a(PTD_portDriver_cc.o)
 .text.GPIO_IntClear
                0x00017540       0x20 ./../Platform/Peripherals/debug/libPeripherals_efm32_debug.a(PTD_portDriver_cc.o)
 .text.PTD_checkEvenPinConfigured
                0x00017560       0xd8 ./../Platform/Peripherals/debug/libPeripherals_efm32_debug.a(PTD_portDriver_cc.o)
 .text.PTD_checkOddPinConfigured
                0x00017638       0xd8 ./../Platform/Peripherals/debug/libPeripherals_efm32_debug.a(PTD_portDriver_cc.o)
 .text.PTD_portInit
                0x00017710       0x18 ./../Platform/Peripherals/debug/libPeripherals_efm32_debug.a(PTD_portDriver_cc.o)
                0x00017710                PTD_portInit
 .text.PTD_portInteruptConfig
                0x00017728       0x28 ./../Platform/Peripherals/debug/libPeripherals_efm32_debug.a(PTD_portDriver_cc.o)
                0x00017728                PTD_portInteruptConfig
 .text.PTD_setInterruptPinCount
                0x00017750       0xf0 ./../Platform/Peripherals/debug/libPeripherals_efm32_debug.a(PTD_portDriver_cc.o)
                0x00017750                PTD_setInterruptPinCount
 .text.PTD_intConfig
                0x00017840      0x220 ./../Platform/Peripherals/debug/libPeripherals_efm32_debug.a(PTD_portDriver_cc.o)
                0x00017840                PTD_intConfig
 .text.GPIO_ODD_IRQHandler
                0x00017a60       0x98 ./../Platform/Peripherals/debug/libPeripherals_efm32_debug.a(PTD_portDriver_cc.o)
                0x00017a60                GPIO_ODD_IRQHandler
 .text.GPIO_EVEN_IRQHandler
                0x00017af8       0x98 ./../Platform/Peripherals/debug/libPeripherals_efm32_debug.a(PTD_portDriver_cc.o)
                0x00017af8                GPIO_EVEN_IRQHandler
 .text.NVIC_EnableIRQ
                0x00017b90       0x38 ./../Platform/Peripherals/debug/libPeripherals_efm32_debug.a(SER_serialDriver_cc.o)
 .text.NVIC_ClearPendingIRQ
                0x00017bc8       0x3c ./../Platform/Peripherals/debug/libPeripherals_efm32_debug.a(SER_serialDriver_cc.o)
 .text.INT_Disable
                0x00017c04       0x40 ./../Platform/Peripherals/debug/libPeripherals_efm32_debug.a(SER_serialDriver_cc.o)
 .text.INT_Enable
                0x00017c44       0x54 ./../Platform/Peripherals/debug/libPeripherals_efm32_debug.a(SER_serialDriver_cc.o)
 .text.SER_callbackMapping
                0x00017c98       0x50 ./../Platform/Peripherals/debug/libPeripherals_efm32_debug.a(SER_serialDriver_cc.o)
 .text.SER_initLeuart
                0x00017ce8      0x19c ./../Platform/Peripherals/debug/libPeripherals_efm32_debug.a(SER_serialDriver_cc.o)
 .text.SER_initUsart
                0x00017e84      0x25c ./../Platform/Peripherals/debug/libPeripherals_efm32_debug.a(SER_serialDriver_cc.o)
 .text.SER_initUart
                0x000180e0      0x224 ./../Platform/Peripherals/debug/libPeripherals_efm32_debug.a(SER_serialDriver_cc.o)
 .text.SER_serialDisable
                0x00018304       0x84 ./../Platform/Peripherals/debug/libPeripherals_efm32_debug.a(SER_serialDriver_cc.o)
                0x00018304                SER_serialDisable
 .text.SER_serialInit
                0x00018388      0x100 ./../Platform/Peripherals/debug/libPeripherals_efm32_debug.a(SER_serialDriver_cc.o)
                0x00018388                SER_serialInit
 .text.SER_serialWrite
                0x00018488      0x124 ./../Platform/Peripherals/debug/libPeripherals_efm32_debug.a(SER_serialDriver_cc.o)
                0x00018488                SER_serialWrite
 .text.SER_serialRead
                0x000185ac       0x88 ./../Platform/Peripherals/debug/libPeripherals_efm32_debug.a(SER_serialDriver_cc.o)
                0x000185ac                SER_serialRead
 .text.LEUART0_IRQHandler
                0x00018634      0x150 ./../Platform/Peripherals/debug/libPeripherals_efm32_debug.a(SER_serialDriver_cc.o)
                0x00018634                LEUART0_IRQHandler
 .text.LEUART1_IRQHandler
                0x00018784      0x148 ./../Platform/Peripherals/debug/libPeripherals_efm32_debug.a(SER_serialDriver_cc.o)
                0x00018784                LEUART1_IRQHandler
 .text.USART0_TX_IRQHandler
                0x000188cc       0xac ./../Platform/Peripherals/debug/libPeripherals_efm32_debug.a(SER_serialDriver_cc.o)
                0x000188cc                USART0_TX_IRQHandler
 .text.USART0_RX_IRQHandler
                0x00018978       0xa0 ./../Platform/Peripherals/debug/libPeripherals_efm32_debug.a(SER_serialDriver_cc.o)
                0x00018978                USART0_RX_IRQHandler
 .text.USART1_TX_IRQHandler
                0x00018a18       0xa8 ./../Platform/Peripherals/debug/libPeripherals_efm32_debug.a(SER_serialDriver_cc.o)
                0x00018a18                USART1_TX_IRQHandler
 .text.USART1_RX_IRQHandler
                0x00018ac0       0xa4 ./../Platform/Peripherals/debug/libPeripherals_efm32_debug.a(SER_serialDriver_cc.o)
                0x00018ac0                USART1_RX_IRQHandler
 .text.USART2_TX_IRQHandler
                0x00018b64       0xa8 ./../Platform/Peripherals/debug/libPeripherals_efm32_debug.a(SER_serialDriver_cc.o)
                0x00018b64                USART2_TX_IRQHandler
 .text.USART2_RX_IRQHandler
                0x00018c0c       0xa0 ./../Platform/Peripherals/debug/libPeripherals_efm32_debug.a(SER_serialDriver_cc.o)
                0x00018c0c                USART2_RX_IRQHandler
 .text.UART0_TX_IRQHandler
                0x00018cac       0x94 ./../Platform/Peripherals/debug/libPeripherals_efm32_debug.a(SER_serialDriver_cc.o)
                0x00018cac                UART0_TX_IRQHandler
 .text.UART0_RX_IRQHandler
                0x00018d40       0xa0 ./../Platform/Peripherals/debug/libPeripherals_efm32_debug.a(SER_serialDriver_cc.o)
                0x00018d40                UART0_RX_IRQHandler
 .text.UART1_TX_IRQHandler
                0x00018de0       0x8c ./../Platform/Peripherals/debug/libPeripherals_efm32_debug.a(SER_serialDriver_cc.o)
                0x00018de0                UART1_TX_IRQHandler
 .text.UART1_RX_IRQHandler
                0x00018e6c       0xa0 ./../Platform/Peripherals/debug/libPeripherals_efm32_debug.a(SER_serialDriver_cc.o)
                0x00018e6c                UART1_RX_IRQHandler
 .text.USB_setSerialNumber
                0x00018f0c       0x7c ./../Platform/Peripherals/debug/libPeripherals_efm32_debug.a(USB_cc.o)
 .text.USB_dataReceivedCallback
                0x00018f88       0x98 ./../Platform/Peripherals/debug/libPeripherals_efm32_debug.a(USB_cc.o)
 .text.USB_dataTransferred
                0x00019020       0x4c ./../Platform/Peripherals/debug/libPeripherals_efm32_debug.a(USB_cc.o)
 .text.USB_stateChange
                0x0001906c       0x58 ./../Platform/Peripherals/debug/libPeripherals_efm32_debug.a(USB_cc.o)
                0x0001906c                USB_stateChange
 .text.USB_setupCommand
                0x000190c4      0x108 ./../Platform/Peripherals/debug/libPeripherals_efm32_debug.a(USB_cc.o)
                0x000190c4                USB_setupCommand
 .text.USB_init
                0x000191cc       0xd0 ./../Platform/Peripherals/debug/libPeripherals_efm32_debug.a(USB_cc.o)
                0x000191cc                USB_init
 .text.USB_receiveByte
                0x0001929c       0xa0 ./../Platform/Peripherals/debug/libPeripherals_efm32_debug.a(USB_cc.o)
                0x0001929c                USB_receiveByte
 .text.RETARGET_WriteChar
                0x0001933c       0x2c ./../Platform/Peripherals/debug/libPeripherals_efm32_debug.a(USB_cc.o)
                0x0001933c                RETARGET_WriteChar
 .text.USB_transmitData
                0x00019368       0xc4 ./../Platform/Peripherals/debug/libPeripherals_efm32_debug.a(USB_cc.o)
                0x00019368                USB_transmitData
 .text.RETARGET_ReadChar
                0x0001942c       0x24 ./../Platform/Peripherals/debug/libPeripherals_efm32_debug.a(USB_cc.o)
                0x0001942c                RETARGET_ReadChar
 .text.USB_callBackMapping
                0x00019450       0x38 ./../Platform/Peripherals/debug/libPeripherals_efm32_debug.a(USB_cc.o)
                0x00019450                USB_callBackMapping
 .text.BITBAND_Peripheral
                0x00019488       0x30 ./../Libraries/EMlib/EMLib/../BCDS_Customization/debug/libEMLib_efm32_debug.a(em_cmu.o)
 .text.CMU_MaxFreqHfle
                0x000194b8       0xb8 ./../Libraries/EMlib/EMLib/../BCDS_Customization/debug/libEMLib_efm32_debug.a(em_cmu.o)
 .text.CMU_FlashWaitStateMax
                0x00019570       0x68 ./../Libraries/EMlib/EMLib/../BCDS_Customization/debug/libEMLib_efm32_debug.a(em_cmu.o)
 .text.CMU_DivToLog2
                0x000195d8       0x38 ./../Libraries/EMlib/EMLib/../BCDS_Customization/debug/libEMLib_efm32_debug.a(em_cmu.o)
 .text.CMU_FlashWaitStateControl
                0x00019610       0xf4 ./../Libraries/EMlib/EMLib/../BCDS_Customization/debug/libEMLib_efm32_debug.a(em_cmu.o)
 .text.CMU_USBCClkGet
                0x00019704       0x50 ./../Libraries/EMlib/EMLib/../BCDS_Customization/debug/libEMLib_efm32_debug.a(em_cmu.o)
 .text.CMU_AUXClkGet
                0x00019754       0x9c ./../Libraries/EMlib/EMLib/../BCDS_Customization/debug/libEMLib_efm32_debug.a(em_cmu.o)
 .text.CMU_DBGClkGet
                0x000197f0       0x64 ./../Libraries/EMlib/EMLib/../BCDS_Customization/debug/libEMLib_efm32_debug.a(em_cmu.o)
 .text.CMU_LFClkGet
                0x00019854       0xd4 ./../Libraries/EMlib/EMLib/../BCDS_Customization/debug/libEMLib_efm32_debug.a(em_cmu.o)
 .text.CMU_Sync
                0x00019928       0x3c ./../Libraries/EMlib/EMLib/../BCDS_Customization/debug/libEMLib_efm32_debug.a(em_cmu.o)
 .text.CMU_ClockDivSet
                0x00019964      0x298 ./../Libraries/EMlib/EMLib/../BCDS_Customization/debug/libEMLib_efm32_debug.a(em_cmu.o)
                0x00019964                CMU_ClockDivSet
 .text.CMU_ClockEnable
                0x00019bfc      0x10c ./../Libraries/EMlib/EMLib/../BCDS_Customization/debug/libEMLib_efm32_debug.a(em_cmu.o)
                0x00019bfc                CMU_ClockEnable
 .text.CMU_ClockFreqGet
                0x00019d08      0x1e8 ./../Libraries/EMlib/EMLib/../BCDS_Customization/debug/libEMLib_efm32_debug.a(em_cmu.o)
                0x00019d08                CMU_ClockFreqGet
 .text.CMU_ClockSelectGet
                0x00019ef0      0x1a4 ./../Libraries/EMlib/EMLib/../BCDS_Customization/debug/libEMLib_efm32_debug.a(em_cmu.o)
                0x00019ef0                CMU_ClockSelectGet
 .text.CMU_ClockSelectSet
                0x0001a094      0x38c ./../Libraries/EMlib/EMLib/../BCDS_Customization/debug/libEMLib_efm32_debug.a(em_cmu.o)
                0x0001a094                CMU_ClockSelectSet
 .text.CMU_OscillatorEnable
                0x0001a420       0xe8 ./../Libraries/EMlib/EMLib/../BCDS_Customization/debug/libEMLib_efm32_debug.a(em_cmu.o)
                0x0001a420                CMU_OscillatorEnable
 .text.EMU_UpdateOscConfig
                0x0001a508       0x20 ./../Libraries/EMlib/EMLib/../BCDS_Customization/debug/libEMLib_efm32_debug.a(em_emu.o)
                0x0001a508                EMU_UpdateOscConfig
 .text.BITBAND_Peripheral
                0x0001a528       0x30 ./../Libraries/EMlib/EMLib/../BCDS_Customization/debug/libEMLib_efm32_debug.a(em_gpio.o)
 .text.GPIO_DriveModeSet
                0x0001a558       0x60 ./../Libraries/EMlib/EMLib/../BCDS_Customization/debug/libEMLib_efm32_debug.a(em_gpio.o)
                0x0001a558                GPIO_DriveModeSet
 .text.GPIO_IntConfig
                0x0001a5b8       0xf4 ./../Libraries/EMlib/EMLib/../BCDS_Customization/debug/libEMLib_efm32_debug.a(em_gpio.o)
                0x0001a5b8                GPIO_IntConfig
 .text.GPIO_PinModeSet
                0x0001a6ac      0x1b8 ./../Libraries/EMlib/EMLib/../BCDS_Customization/debug/libEMLib_efm32_debug.a(em_gpio.o)
                0x0001a6ac                GPIO_PinModeSet
 .text.BITBAND_Peripheral
                0x0001a864       0x30 ./../Libraries/EMlib/EMLib/../BCDS_Customization/debug/libEMLib_efm32_debug.a(em_i2c.o)
 .text.I2C_BusFreqSet
                0x0001a894       0x94 ./../Libraries/EMlib/EMLib/../BCDS_Customization/debug/libEMLib_efm32_debug.a(em_i2c.o)
                0x0001a894                I2C_BusFreqSet
 .text.I2C_Init
                0x0001a928       0x84 ./../Libraries/EMlib/EMLib/../BCDS_Customization/debug/libEMLib_efm32_debug.a(em_i2c.o)
                0x0001a928                I2C_Init
 .text.LEUART_Sync
                0x0001a9ac       0x34 ./../Libraries/EMlib/EMLib/../BCDS_Customization/debug/libEMLib_efm32_debug.a(em_leuart.o)
 .text.LEUART_BaudrateSet
                0x0001a9e0       0x90 ./../Libraries/EMlib/EMLib/../BCDS_Customization/debug/libEMLib_efm32_debug.a(em_leuart.o)
                0x0001a9e0                LEUART_BaudrateSet
 .text.LEUART_Enable
                0x0001aa70       0x60 ./../Libraries/EMlib/EMLib/../BCDS_Customization/debug/libEMLib_efm32_debug.a(em_leuart.o)
                0x0001aa70                LEUART_Enable
 .text.LEUART_FreezeEnable
                0x0001aad0       0x38 ./../Libraries/EMlib/EMLib/../BCDS_Customization/debug/libEMLib_efm32_debug.a(em_leuart.o)
                0x0001aad0                LEUART_FreezeEnable
 .text.LEUART_Init
                0x0001ab08       0x8c ./../Libraries/EMlib/EMLib/../BCDS_Customization/debug/libEMLib_efm32_debug.a(em_leuart.o)
                0x0001ab08                LEUART_Init
 .text.LEUART_Reset
                0x0001ab94       0x88 ./../Libraries/EMlib/EMLib/../BCDS_Customization/debug/libEMLib_efm32_debug.a(em_leuart.o)
                0x0001ab94                LEUART_Reset
 .text.USART_BaudrateAsyncSet
                0x0001ac1c       0xd0 ./../Libraries/EMlib/EMLib/../BCDS_Customization/debug/libEMLib_efm32_debug.a(em_usart.o)
                0x0001ac1c                USART_BaudrateAsyncSet
 .text.USART_Enable
                0x0001acec       0x7c ./../Libraries/EMlib/EMLib/../BCDS_Customization/debug/libEMLib_efm32_debug.a(em_usart.o)
                0x0001acec                USART_Enable
 .text.USART_InitAsync
                0x0001ad68       0xbc ./../Libraries/EMlib/EMLib/../BCDS_Customization/debug/libEMLib_efm32_debug.a(em_usart.o)
                0x0001ad68                USART_InitAsync
 .text.USART_Reset
                0x0001ae24       0xd8 ./../Libraries/EMlib/EMLib/../BCDS_Customization/debug/libEMLib_efm32_debug.a(em_usart.o)
                0x0001ae24                USART_Reset
 .text.NVIC_EnableIRQ
                0x0001aefc       0x38 ./../Libraries/EMlib/EMLib/../BCDS_Customization/debug/libEMLib_efm32_debug.a(em_usbd.o)
 .text.NVIC_ClearPendingIRQ
                0x0001af34       0x3c ./../Libraries/EMlib/EMLib/../BCDS_Customization/debug/libEMLib_efm32_debug.a(em_usbd.o)
 .text.INT_Disable
                0x0001af70       0x40 ./../Libraries/EMlib/EMLib/../BCDS_Customization/debug/libEMLib_efm32_debug.a(em_usbd.o)
 .text.INT_Enable
                0x0001afb0       0x54 ./../Libraries/EMlib/EMLib/../BCDS_Customization/debug/libEMLib_efm32_debug.a(em_usbd.o)
 .text.USBHAL_DisableGlobalInt
                0x0001b004       0x34 ./../Libraries/EMlib/EMLib/../BCDS_Customization/debug/libEMLib_efm32_debug.a(em_usbd.o)
 .text.USBHAL_EnableGlobalInt
                0x0001b038       0x34 ./../Libraries/EMlib/EMLib/../BCDS_Customization/debug/libEMLib_efm32_debug.a(em_usbd.o)
 .text.USBDHAL_EnableUsbResetAndSuspendInt
                0x0001b06c       0x38 ./../Libraries/EMlib/EMLib/../BCDS_Customization/debug/libEMLib_efm32_debug.a(em_usbd.o)
 .text.USBDHAL_EpIsStalled
                0x0001b0a4       0x3c ./../Libraries/EMlib/EMLib/../BCDS_Customization/debug/libEMLib_efm32_debug.a(em_usbd.o)
 .text.USBDHAL_GetStallStatusEp
                0x0001b0e0       0xc0 ./../Libraries/EMlib/EMLib/../BCDS_Customization/debug/libEMLib_efm32_debug.a(em_usbd.o)
 .text.USBDHAL_SetEp0InDmaPtr
                0x0001b1a0       0x28 ./../Libraries/EMlib/EMLib/../BCDS_Customization/debug/libEMLib_efm32_debug.a(em_usbd.o)
 .text.USBDHAL_SetEp0OutDmaPtr
                0x0001b1c8       0x28 ./../Libraries/EMlib/EMLib/../BCDS_Customization/debug/libEMLib_efm32_debug.a(em_usbd.o)
 .text.USBDHAL_StartEp0In
                0x0001b1f0       0x5c ./../Libraries/EMlib/EMLib/../BCDS_Customization/debug/libEMLib_efm32_debug.a(em_usbd.o)
 .text.USBDHAL_StartEp0Out
                0x0001b24c       0x5c ./../Libraries/EMlib/EMLib/../BCDS_Customization/debug/libEMLib_efm32_debug.a(em_usbd.o)
 .text.USBDHAL_StartEpIn
                0x0001b2a8       0xc8 ./../Libraries/EMlib/EMLib/../BCDS_Customization/debug/libEMLib_efm32_debug.a(em_usbd.o)
 .text.USBDHAL_StartEpOut
                0x0001b370       0xd4 ./../Libraries/EMlib/EMLib/../BCDS_Customization/debug/libEMLib_efm32_debug.a(em_usbd.o)
 .text.USBD_ArmEp
                0x0001b444       0x28 ./../Libraries/EMlib/EMLib/../BCDS_Customization/debug/libEMLib_efm32_debug.a(em_usbd.o)
 .text.USBD_ArmEp0
                0x0001b46c       0x88 ./../Libraries/EMlib/EMLib/../BCDS_Customization/debug/libEMLib_efm32_debug.a(em_usbd.o)
 .text.USBD_ArmEpN
                0x0001b4f4       0x28 ./../Libraries/EMlib/EMLib/../BCDS_Customization/debug/libEMLib_efm32_debug.a(em_usbd.o)
 .text.USBD_GetEpFromAddr
                0x0001b51c       0xa0 ./../Libraries/EMlib/EMLib/../BCDS_Customization/debug/libEMLib_efm32_debug.a(em_usbd.o)
 .text.USBD_Disconnect
                0x0001b5bc       0x14 ./../Libraries/EMlib/EMLib/../BCDS_Customization/debug/libEMLib_efm32_debug.a(em_usbd.o)
                0x0001b5bc                USBD_Disconnect
 .text.USBD_GetUsbState
                0x0001b5d0       0x1c ./../Libraries/EMlib/EMLib/../BCDS_Customization/debug/libEMLib_efm32_debug.a(em_usbd.o)
                0x0001b5d0                USBD_GetUsbState
 .text.USBD_Init
                0x0001b5ec      0x4fc ./../Libraries/EMlib/EMLib/../BCDS_Customization/debug/libEMLib_efm32_debug.a(em_usbd.o)
                0x0001b5ec                USBD_Init
 .text.USBD_Read
                0x0001bae8      0x108 ./../Libraries/EMlib/EMLib/../BCDS_Customization/debug/libEMLib_efm32_debug.a(em_usbd.o)
                0x0001bae8                USBD_Read
 .text.USBD_SetUsbState
                0x0001bbf0       0x98 ./../Libraries/EMlib/EMLib/../BCDS_Customization/debug/libEMLib_efm32_debug.a(em_usbd.o)
                0x0001bbf0                USBD_SetUsbState
 .text.USBD_Write
                0x0001bc88      0x10c ./../Libraries/EMlib/EMLib/../BCDS_Customization/debug/libEMLib_efm32_debug.a(em_usbd.o)
                0x0001bc88                USBD_Write
 .text.NVIC_ClearPendingIRQ
                0x0001bd94       0x3c ./../Libraries/EMlib/EMLib/../BCDS_Customization/debug/libEMLib_efm32_debug.a(em_usbhal.o)
 .text.INT_Disable
                0x0001bdd0       0x40 ./../Libraries/EMlib/EMLib/../BCDS_Customization/debug/libEMLib_efm32_debug.a(em_usbhal.o)
 .text.INT_Enable
                0x0001be10       0x54 ./../Libraries/EMlib/EMLib/../BCDS_Customization/debug/libEMLib_efm32_debug.a(em_usbhal.o)
 .text.USBHAL_FlushRxFifo
                0x0001be64       0x3c ./../Libraries/EMlib/EMLib/../BCDS_Customization/debug/libEMLib_efm32_debug.a(em_usbhal.o)
 .text.USBHAL_FlushTxFifo
                0x0001bea0       0x4c ./../Libraries/EMlib/EMLib/../BCDS_Customization/debug/libEMLib_efm32_debug.a(em_usbhal.o)
 .text.USBDHAL_DeactivateEp
                0x0001beec       0x88 ./../Libraries/EMlib/EMLib/../BCDS_Customization/debug/libEMLib_efm32_debug.a(em_usbhal.o)
 .text.USBDHAL_GetInEpInts
                0x0001bf74       0x44 ./../Libraries/EMlib/EMLib/../BCDS_Customization/debug/libEMLib_efm32_debug.a(em_usbhal.o)
 .text.USBDHAL_GetOutEpInts
                0x0001bfb8       0x44 ./../Libraries/EMlib/EMLib/../BCDS_Customization/debug/libEMLib_efm32_debug.a(em_usbhal.o)
 .text.USBDHAL_SetEPDISNAK
                0x0001bffc       0xac ./../Libraries/EMlib/EMLib/../BCDS_Customization/debug/libEMLib_efm32_debug.a(em_usbhal.o)
 .text.USBD_GetEpFromAddr
                0x0001c0a8       0xa0 ./../Libraries/EMlib/EMLib/../BCDS_Customization/debug/libEMLib_efm32_debug.a(em_usbhal.o)
 .text.USBHAL_CoreReset
                0x0001c148       0xbc ./../Libraries/EMlib/EMLib/../BCDS_Customization/debug/libEMLib_efm32_debug.a(em_usbhal.o)
                0x0001c148                USBHAL_CoreReset
 .text.USBDHAL_CoreInit
                0x0001c204      0x3ec ./../Libraries/EMlib/EMLib/../BCDS_Customization/debug/libEMLib_efm32_debug.a(em_usbhal.o)
                0x0001c204                USBDHAL_CoreInit
 .text.USBDHAL_Disconnect
                0x0001c5f0       0x3c ./../Libraries/EMlib/EMLib/../BCDS_Customization/debug/libEMLib_efm32_debug.a(em_usbhal.o)
                0x0001c5f0                USBDHAL_Disconnect
 .text.USBDHAL_AbortAllEps
                0x0001c62c      0x53c ./../Libraries/EMlib/EMLib/../BCDS_Customization/debug/libEMLib_efm32_debug.a(em_usbhal.o)
                0x0001c62c                USBDHAL_AbortAllEps
 .text.USBDHAL_AbortAllTransfers
                0x0001cb68       0xc8 ./../Libraries/EMlib/EMLib/../BCDS_Customization/debug/libEMLib_efm32_debug.a(em_usbhal.o)
                0x0001cb68                USBDHAL_AbortAllTransfers
 .text.USBDHAL_ReenableEp0Setup
                0x0001cc30       0x60 ./../Libraries/EMlib/EMLib/../BCDS_Customization/debug/libEMLib_efm32_debug.a(em_usbdep.o)
 .text.USBDHAL_StallEp
                0x0001cc90       0xcc ./../Libraries/EMlib/EMLib/../BCDS_Customization/debug/libEMLib_efm32_debug.a(em_usbdep.o)
 .text.USBDHAL_StartEp0In
                0x0001cd5c       0x5c ./../Libraries/EMlib/EMLib/../BCDS_Customization/debug/libEMLib_efm32_debug.a(em_usbdep.o)
 .text.USBDHAL_StartEp0Out
                0x0001cdb8       0x5c ./../Libraries/EMlib/EMLib/../BCDS_Customization/debug/libEMLib_efm32_debug.a(em_usbdep.o)
 .text.USBD_GetEpFromAddr
                0x0001ce14       0xa0 ./../Libraries/EMlib/EMLib/../BCDS_Customization/debug/libEMLib_efm32_debug.a(em_usbdep.o)
 .text.USBD_ReArmEp0
                0x0001ceb4       0x64 ./../Libraries/EMlib/EMLib/../BCDS_Customization/debug/libEMLib_efm32_debug.a(em_usbdep.o)
 .text.USBDEP_Ep0Handler
                0x0001cf18      0x300 ./../Libraries/EMlib/EMLib/../BCDS_Customization/debug/libEMLib_efm32_debug.a(em_usbdep.o)
                0x0001cf18                USBDEP_Ep0Handler
 .text.USBDEP_EpHandler
                0x0001d218       0x60 ./../Libraries/EMlib/EMLib/../BCDS_Customization/debug/libEMLib_efm32_debug.a(em_usbdep.o)
                0x0001d218                USBDEP_EpHandler
 .text.TIMER_CounterGet
                0x0001d278       0x18 ./../Libraries/EMlib/EMLib/../BCDS_Customization/debug/libEMLib_efm32_debug.a(em_usbtimer.o)
 .text.TIMER_TopSet
                0x0001d290       0x1c ./../Libraries/EMlib/EMLib/../BCDS_Customization/debug/libEMLib_efm32_debug.a(em_usbtimer.o)
 .text.DelayTicks
                0x0001d2ac       0x4c ./../Libraries/EMlib/EMLib/../BCDS_Customization/debug/libEMLib_efm32_debug.a(em_usbtimer.o)
 .text.USBTIMER_DelayMs
                0x0001d2f8       0x84 ./../Libraries/EMlib/EMLib/../BCDS_Customization/debug/libEMLib_efm32_debug.a(em_usbtimer.o)
                0x0001d2f8                USBTIMER_DelayMs
 .text.USBTIMER_DelayUs
                0x0001d37c      0x124 ./../Libraries/EMlib/EMLib/../BCDS_Customization/debug/libEMLib_efm32_debug.a(em_usbtimer.o)
                0x0001d37c                USBTIMER_DelayUs
 .text.USBTIMER_Init
                0x0001d4a0      0x188 ./../Libraries/EMlib/EMLib/../BCDS_Customization/debug/libEMLib_efm32_debug.a(em_usbtimer.o)
                0x0001d4a0                USBTIMER_Init
 .text.GetProdRev
                0x0001d628       0x1c ./../Libraries/EMlib/EMLib/../BCDS_Customization/debug/libEMLib_efm32_debug.a(system_efm32gg.o)
 .text.SystemCoreClockGet
                0x0001d644       0x58 ./../Libraries/EMlib/EMLib/../BCDS_Customization/debug/libEMLib_efm32_debug.a(system_efm32gg.o)
                0x0001d644                SystemCoreClockGet
 .text.SystemHFClockGet
                0x0001d69c      0x110 ./../Libraries/EMlib/EMLib/../BCDS_Customization/debug/libEMLib_efm32_debug.a(system_efm32gg.o)
                0x0001d69c                SystemHFClockGet
 .text.SystemHFXOClockGet
                0x0001d7ac       0x18 ./../Libraries/EMlib/EMLib/../BCDS_Customization/debug/libEMLib_efm32_debug.a(system_efm32gg.o)
                0x0001d7ac                SystemHFXOClockGet
 .text.SystemInit
                0x0001d7c4        0xc ./../Libraries/EMlib/EMLib/../BCDS_Customization/debug/libEMLib_efm32_debug.a(system_efm32gg.o)
                0x0001d7c4                SystemInit
 .text.SystemLFRCOClockGet
                0x0001d7d0       0x10 ./../Libraries/EMlib/EMLib/../BCDS_Customization/debug/libEMLib_efm32_debug.a(system_efm32gg.o)
                0x0001d7d0                SystemLFRCOClockGet
 .text.SystemULFRCOClockGet
                0x0001d7e0       0x10 ./../Libraries/EMlib/EMLib/../BCDS_Customization/debug/libEMLib_efm32_debug.a(system_efm32gg.o)
                0x0001d7e0                SystemULFRCOClockGet
 .text.SystemLFXOClockGet
                0x0001d7f0       0x18 ./../Libraries/EMlib/EMLib/../BCDS_Customization/debug/libEMLib_efm32_debug.a(system_efm32gg.o)
                0x0001d7f0                SystemLFXOClockGet
 .text.TIMER_Init
                0x0001d808      0x134 ./../Libraries/EMlib/EMLib/../BCDS_Customization/debug/libEMLib_efm32_debug.a(em_timer.o)
                0x0001d808                TIMER_Init
 .text.TIMER_InitCC
                0x0001d93c       0xec ./../Libraries/EMlib/EMLib/../BCDS_Customization/debug/libEMLib_efm32_debug.a(em_timer.o)
                0x0001d93c                TIMER_InitCC
 .text.TIMER_Reset
                0x0001da28      0x108 ./../Libraries/EMlib/EMLib/../BCDS_Customization/debug/libEMLib_efm32_debug.a(em_timer.o)
                0x0001da28                TIMER_Reset
 .text.USBDHAL_ActivateEp
                0x0001db30      0x148 ./../Libraries/EMlib/EMLib/../BCDS_Customization/debug/libEMLib_efm32_debug.a(em_usbdch9.o)
 .text.USBDHAL_DeactivateEp
                0x0001dc78       0x88 ./../Libraries/EMlib/EMLib/../BCDS_Customization/debug/libEMLib_efm32_debug.a(em_usbdch9.o)
 .text.USBDHAL_GetStallStatusEp
                0x0001dd00       0xc0 ./../Libraries/EMlib/EMLib/../BCDS_Customization/debug/libEMLib_efm32_debug.a(em_usbdch9.o)
 .text.USBDHAL_SetAddr
                0x0001ddc0       0x3c ./../Libraries/EMlib/EMLib/../BCDS_Customization/debug/libEMLib_efm32_debug.a(em_usbdch9.o)
 .text.USBDHAL_StallEp
                0x0001ddfc       0xcc ./../Libraries/EMlib/EMLib/../BCDS_Customization/debug/libEMLib_efm32_debug.a(em_usbdch9.o)
 .text.USBDHAL_UnStallEp
                0x0001dec8       0xe4 ./../Libraries/EMlib/EMLib/../BCDS_Customization/debug/libEMLib_efm32_debug.a(em_usbdch9.o)
 .text.USBD_ActivateAllEps
                0x0001dfac       0x54 ./../Libraries/EMlib/EMLib/../BCDS_Customization/debug/libEMLib_efm32_debug.a(em_usbdch9.o)
 .text.USBD_DeactivateAllEps
                0x0001e000       0x68 ./../Libraries/EMlib/EMLib/../BCDS_Customization/debug/libEMLib_efm32_debug.a(em_usbdch9.o)
 .text.USBD_GetEpFromAddr
                0x0001e068       0xa0 ./../Libraries/EMlib/EMLib/../BCDS_Customization/debug/libEMLib_efm32_debug.a(em_usbdch9.o)
 .text.USBDCH9_SetupCmd
                0x0001e108       0xec ./../Libraries/EMlib/EMLib/../BCDS_Customization/debug/libEMLib_efm32_debug.a(em_usbdch9.o)
                0x0001e108                USBDCH9_SetupCmd
 .text.ClearFeature
                0x0001e1f4       0xcc ./../Libraries/EMlib/EMLib/../BCDS_Customization/debug/libEMLib_efm32_debug.a(em_usbdch9.o)
 .text.GetConfiguration
                0x0001e2c0       0xb8 ./../Libraries/EMlib/EMLib/../BCDS_Customization/debug/libEMLib_efm32_debug.a(em_usbdch9.o)
 .text.GetDescriptor
                0x0001e378      0x10c ./../Libraries/EMlib/EMLib/../BCDS_Customization/debug/libEMLib_efm32_debug.a(em_usbdch9.o)
 .text.GetInterface
                0x0001e484       0x94 ./../Libraries/EMlib/EMLib/../BCDS_Customization/debug/libEMLib_efm32_debug.a(em_usbdch9.o)
 .text.GetStatus
                0x0001e518      0x1b4 ./../Libraries/EMlib/EMLib/../BCDS_Customization/debug/libEMLib_efm32_debug.a(em_usbdch9.o)
 .text.SetAddress
                0x0001e6cc       0xb4 ./../Libraries/EMlib/EMLib/../BCDS_Customization/debug/libEMLib_efm32_debug.a(em_usbdch9.o)
 .text.SetConfiguration
                0x0001e780      0x10c ./../Libraries/EMlib/EMLib/../BCDS_Customization/debug/libEMLib_efm32_debug.a(em_usbdch9.o)
 .text.SetFeature
                0x0001e88c      0x100 ./../Libraries/EMlib/EMLib/../BCDS_Customization/debug/libEMLib_efm32_debug.a(em_usbdch9.o)
 .text.SetInterface
                0x0001e98c       0x68 ./../Libraries/EMlib/EMLib/../BCDS_Customization/debug/libEMLib_efm32_debug.a(em_usbdch9.o)
 .text.bma2x2_init
                0x0001e9f4       0x9c ./../Libraries/BSTLib/BST_Github/../BCDS_Customization/debug/libBSTLib_efm32_debug.a(bma2x2.o)
                0x0001e9f4                bma2x2_init
 .text.bma2x2_read_reg
                0x0001ea90       0x60 ./../Libraries/BSTLib/BST_Github/../BCDS_Customization/debug/libBSTLib_efm32_debug.a(bma2x2.o)
                0x0001ea90                bma2x2_read_reg
 .text.bma2x2_read_accel_xyz
                0x0001eaf0      0x28c ./../Libraries/BSTLib/BST_Github/../BCDS_Customization/debug/libBSTLib_efm32_debug.a(bma2x2.o)
                0x0001eaf0                bma2x2_read_accel_xyz
 .text.bma2x2_set_bw
                0x0001ed7c      0x254 ./../Libraries/BSTLib/BST_Github/../BCDS_Customization/debug/libBSTLib_efm32_debug.a(bma2x2.o)
                0x0001ed7c                bma2x2_set_bw
 .text.bmi160_init
                0x0001efd0       0x90 ./../Libraries/BSTLib/BST_Github/../BCDS_Customization/debug/libBSTLib_efm32_debug.a(bmi160.o)
                0x0001efd0                bmi160_init
 .text.bmi160_write_reg
                0x0001f060       0x60 ./../Libraries/BSTLib/BST_Github/../BCDS_Customization/debug/libBSTLib_efm32_debug.a(bmi160.o)
                0x0001f060                bmi160_write_reg
 .text.bmi160_read_accel_xyz
                0x0001f0c0       0xc4 ./../Libraries/BSTLib/BST_Github/../BCDS_Customization/debug/libBSTLib_efm32_debug.a(bmi160.o)
                0x0001f0c0                bmi160_read_accel_xyz
 .text.bmi160_set_command_register
                0x0001f184       0x60 ./../Libraries/BSTLib/BST_Github/../BCDS_Customization/debug/libBSTLib_efm32_debug.a(bmi160.o)
                0x0001f184                bmi160_set_command_register
 .text.GPIO_PinOutClear
                0x0001f1e4       0x4c ../Common/debug/XDKCommon_efm32_debug.a(SystemStartup.o)
 .text.GPIO_PinOutSet
                0x0001f230       0x4c ../Common/debug/XDKCommon_efm32_debug.a(SystemStartup.o)
 .text.systemStartup
                0x0001f27c       0x88 ../Common/debug/XDKCommon_efm32_debug.a(SystemStartup.o)
                0x0001f27c                systemStartup
 .text.vApplicationStackOverflowHook
                0x0001f304       0x80 ../Common/debug/XDKCommon_efm32_debug.a(SystemStartup.o)
                0x0001f304                vApplicationStackOverflowHook
 .text.Retcode_getPackage
                0x0001f384       0x1c ../Common/debug/XDKCommon_efm32_debug.a(BoardInitialization.o)
 .text.NVIC_SetPriority
                0x0001f3a0       0x5c ../Common/debug/XDKCommon_efm32_debug.a(BoardInitialization.o)
 .text.CHIP_Init
                0x0001f3fc       0x50 ../Common/debug/XDKCommon_efm32_debug.a(BoardInitialization.o)
 .text.GPIO_PinOutSet
                0x0001f44c       0x4c ../Common/debug/XDKCommon_efm32_debug.a(BoardInitialization.o)
 .text.ErrorHandlingFunc
                0x0001f498       0x2c ../Common/debug/XDKCommon_efm32_debug.a(BoardInitialization.o)
 .text.bleGetPublicAddress
                0x0001f4c4      0x104 ../Common/debug/XDKCommon_efm32_debug.a(BoardInitialization.o)
 .text.customizeInterruptPriority
                0x0001f5c8      0x1d0 ../Common/debug/XDKCommon_efm32_debug.a(BoardInitialization.o)
                0x0001f5c8                customizeInterruptPriority
 .text.assertIndicationMapping
                0x0001f798       0x84 ../Common/debug/XDKCommon_efm32_debug.a(BoardInitialization.o)
                0x0001f798                assertIndicationMapping
 .text.boardInit
                0x0001f81c       0x10 ../Common/debug/XDKCommon_efm32_debug.a(BoardInitialization.o)
                0x0001f81c                boardInit
 .text.boardStartup
                0x0001f82c       0xe0 ../Common/debug/XDKCommon_efm32_debug.a(BoardInitialization.o)
                0x0001f82c                boardStartup
 .text.NVIC_SystemReset
                0x0001f90c       0x30 ../Common/debug/XDKCommon_efm32_debug.a(UsbResetUtility.o)
 .text.UsbResetUtility_SystemReset
                0x0001f93c       0x10 ../Common/debug/XDKCommon_efm32_debug.a(UsbResetUtility.o)
 .text.UsbResetUtility_InteruptHandling
                0x0001f94c       0x5c ../Common/debug/XDKCommon_efm32_debug.a(UsbResetUtility.o)
 .text.UsbResetUtility_Init
                0x0001f9a8       0x48 ../Common/debug/XDKCommon_efm32_debug.a(UsbResetUtility.o)
                0x0001f9a8                UsbResetUtility_Init
 .text.UsbResetUtility_UsbISRCallback
                0x0001f9f0      0x148 ../Common/debug/XDKCommon_efm32_debug.a(UsbResetUtility.o)
                0x0001f9f0                UsbResetUtility_UsbISRCallback
 .text.UsbResetUtility_RegAppISR
                0x0001fb38       0x40 ../Common/debug/XDKCommon_efm32_debug.a(UsbResetUtility.o)
                0x0001fb38                UsbResetUtility_RegAppISR
 .text.resetGpioConfig
                0x0001fb78      0x3f8 ../Common/debug/XDKCommon_efm32_debug.a(GpioConfig.o)
                0x0001fb78                resetGpioConfig
 .text.RingBuf_Init
                0x0001ff70       0x38 ./../Platform/Utils/debug/libUtils_efm32_debug.a(RB_ringBuffer.o)
                0x0001ff70                RingBuf_Init
 .text.RingBuf_Write
                0x0001ffa8       0xdc ./../Platform/Utils/debug/libUtils_efm32_debug.a(RB_ringBuffer.o)
                0x0001ffa8                RingBuf_Write
 .text.RingBuf_Read
                0x00020084       0xd4 ./../Platform/Utils/debug/libUtils_efm32_debug.a(RB_ringBuffer.o)
                0x00020084                RingBuf_Read
 .text.Assert_initialize
                0x00020158       0x48 ./../Platform/Basics/debug/libBasics_efm32_debug.a(Assert.o)
                0x00020158                Assert_initialize
 .text.Assert_dynamic
                0x000201a0       0x2c ./../Platform/Basics/debug/libBasics_efm32_debug.a(Assert.o)
                0x000201a0                Assert_dynamic
 .text.defaultErrorHandlingFunc
                0x000201cc       0x14 ./../Platform/Basics/debug/libBasics_efm32_debug.a(Retcode.o)
 .text.Retcode_initialize
                0x000201e0       0x38 ./../Platform/Basics/debug/libBasics_efm32_debug.a(Retcode.o)
                0x000201e0                Retcode_initialize
 .text.Retcode_compose
                0x00020218       0x50 ./../Platform/Basics/debug/libBasics_efm32_debug.a(Retcode.o)
                0x00020218                Retcode_compose
 .text.NVIC_EnableIRQ
                0x00020268       0x38 ./../Platform/Power/debug/libPOWER_efm32_debug.a(PowerMgt.o)
 .text.NVIC_SetPriority
                0x000202a0       0x5c ./../Platform/Power/debug/libPOWER_efm32_debug.a(PowerMgt.o)
 .text.RTC_IntClear
                0x000202fc       0x20 ./../Platform/Power/debug/libPOWER_efm32_debug.a(PowerMgt.o)
 .text.RTC_IntDisable
                0x0002031c       0x30 ./../Platform/Power/debug/libPOWER_efm32_debug.a(PowerMgt.o)
 .text.RTC_IntEnable
                0x0002034c       0x2c ./../Platform/Power/debug/libPOWER_efm32_debug.a(PowerMgt.o)
 .text.PowerMgt_GetSystemTimeMs
                0x00020378       0x88 ./../Platform/Power/debug/libPOWER_efm32_debug.a(PowerMgt.o)
                0x00020378                PowerMgt_GetSystemTimeMs
 .text.RTC_IRQHandler
                0x00020400      0x184 ./../Platform/Power/debug/libPOWER_efm32_debug.a(PowerMgt.o)
                0x00020400                RTC_IRQHandler
 .text.vPortSetupTimerInterrupt
                0x00020584      0x10c ./../Platform/Power/debug/libPOWER_efm32_debug.a(PowerMgt.o)
                0x00020584                vPortSetupTimerInterrupt
 .text.BleMgmt_timerRing
                0x00020690       0xb8 ./../Libraries/BLEStack/Alpwise/Core_Stack/Libraries/BLESW_CoreStack_CM3.a(BleEngine.o)
 .text.BLEMGMT_Init
                0x00020748       0x3c ./../Libraries/BLEStack/Alpwise/Core_Stack/Libraries/BLESW_CoreStack_CM3.a(BleEngine.o)
                0x00020748                BLEMGMT_Init
 .text.BLEMGMT_Deinit
                0x00020784       0x20 ./../Libraries/BLEStack/Alpwise/Core_Stack/Libraries/BLESW_CoreStack_CM3.a(BleEngine.o)
                0x00020784                BLEMGMT_Deinit
 .text.BLEMGMT_Run
                0x000207a4       0x4c ./../Libraries/BLEStack/Alpwise/Core_Stack/Libraries/BLESW_CoreStack_CM3.a(BleEngine.o)
                0x000207a4                BLEMGMT_Run
 .text.BLEMGMT_RegisterHandler
                0x000207f0       0x28 ./../Libraries/BLEStack/Alpwise/Core_Stack/Libraries/BLESW_CoreStack_CM3.a(BleEngine.o)
                0x000207f0                BLEMGMT_RegisterHandler
 .text.BleMgmt_PostEvent
                0x00020818       0x50 ./../Libraries/BLEStack/Alpwise/Core_Stack/Libraries/BLESW_CoreStack_CM3.a(BleEngine.o)
                0x00020818                BleMgmt_PostEvent
 .text.BleMgmt_RemoveTimerEvent
                0x00020868       0xdc ./../Libraries/BLEStack/Alpwise/Core_Stack/Libraries/BLESW_CoreStack_CM3.a(BleEngine.o)
                0x00020868                BleMgmt_RemoveTimerEvent
 .text.BleMgmt_AddTimerEvent
                0x00020944       0xdc ./../Libraries/BLEStack/Alpwise/Core_Stack/Libraries/BLESW_CoreStack_CM3.a(BleEngine.o)
                0x00020944                BleMgmt_AddTimerEvent
 .text.SYSTEM_MemCpy
                0x00020a20       0x14 ./../Libraries/BLEStack/Alpwise/Core_Stack/Libraries/BLESW_CoreStack_CM3.a(BleMemory.o)
                0x00020a20                SYSTEM_MemCpy
 .text.SYSTEM_ReverseMemCpy
                0x00020a34       0x1a ./../Libraries/BLEStack/Alpwise/Core_Stack/Libraries/BLESW_CoreStack_CM3.a(BleMemory.o)
                0x00020a34                SYSTEM_ReverseMemCpy
 .text.SYSTEM_MemCmp
                0x00020a4e       0x24 ./../Libraries/BLEStack/Alpwise/Core_Stack/Libraries/BLESW_CoreStack_CM3.a(BleMemory.o)
                0x00020a4e                SYSTEM_MemCmp
 .text.SYSTEM_MemSet
                0x00020a72       0x16 ./../Libraries/BLEStack/Alpwise/Core_Stack/Libraries/BLESW_CoreStack_CM3.a(BleMemory.o)
                0x00020a72                SYSTEM_MemSet
 .text.BleList_RemoveNode
                0x00020a88       0x2e ./../Libraries/BLEStack/Alpwise/Core_Stack/Libraries/BLESW_CoreStack_CM3.a(BleSlist.o)
                0x00020a88                BleList_RemoveNode
 .text.BleList_GetHeadNode
                0x00020ab6        0xc ./../Libraries/BLEStack/Alpwise/Core_Stack/Libraries/BLESW_CoreStack_CM3.a(BleSlist.o)
                0x00020ab6                BleList_GetHeadNode
 .text.BleList_IsNodeIn
                0x00020ac2       0x12 ./../Libraries/BLEStack/Alpwise/Core_Stack/Libraries/BLESW_CoreStack_CM3.a(BleSlist.o)
                0x00020ac2                BleList_IsNodeIn
 .text.BleList_InsertTail
                0x00020ad4       0x28 ./../Libraries/BLEStack/Alpwise/Core_Stack/Libraries/BLESW_CoreStack_CM3.a(BleSlist.o)
                0x00020ad4                BleList_InsertTail
 .text.BleList_InsertAfter
                0x00020afc       0x34 ./../Libraries/BLEStack/Alpwise/Core_Stack/Libraries/BLESW_CoreStack_CM3.a(BleSlist.o)
                0x00020afc                BleList_InsertAfter
 .text.BleList_GetCount
                0x00020b30       0x10 ./../Libraries/BLEStack/Alpwise/Core_Stack/Libraries/BLESW_CoreStack_CM3.a(BleSlist.o)
                0x00020b30                BleList_GetCount
 .text.BleList_GetIndex
                0x00020b40       0x16 ./../Libraries/BLEStack/Alpwise/Core_Stack/Libraries/BLESW_CoreStack_CM3.a(BleSlist.o)
                0x00020b40                BleList_GetIndex
 .text.BleList_IsNodeIn_ISR
                0x00020b56       0x12 ./../Libraries/BLEStack/Alpwise/Core_Stack/Libraries/BLESW_CoreStack_CM3.a(BleSlist.o)
                0x00020b56                BleList_IsNodeIn_ISR
 .text.BleList_GetHeadNode_ISR
                0x00020b68        0xc ./../Libraries/BLEStack/Alpwise/Core_Stack/Libraries/BLESW_CoreStack_CM3.a(BleSlist.o)
                0x00020b68                BleList_GetHeadNode_ISR
 .text.BleList_InsertTail_ISR
                0x00020b74       0x28 ./../Libraries/BLEStack/Alpwise/Core_Stack/Libraries/BLESW_CoreStack_CM3.a(BleSlist.o)
                0x00020b74                BleList_InsertTail_ISR
 .text.BleSmp_IsKeyNull
                0x00020b9c       0x1c ./../Libraries/BLEStack/Alpwise/Core_Stack/Libraries/BLESW_CoreStack_CM3.a(BleSmp.o)
 .text.BleSmp_SendPairingFailed
                0x00020bb8       0x22 ./../Libraries/BLEStack/Alpwise/Core_Stack/Libraries/BLESW_CoreStack_CM3.a(BleSmp.o)
 *fill*         0x00020bda        0x2 00
 .text.BleSmp_ClearOperation
                0x00020bdc       0x30 ./../Libraries/BLEStack/Alpwise/Core_Stack/Libraries/BLESW_CoreStack_CM3.a(BleSmp.o)
 .text.BleSmp_GenerateRandomNumber
                0x00020c0c       0x18 ./../Libraries/BLEStack/Alpwise/Core_Stack/Libraries/BLESW_CoreStack_CM3.a(BleSmp.o)
 .text.BleSmp_Encrypt
                0x00020c24       0x3c ./../Libraries/BLEStack/Alpwise/Core_Stack/Libraries/BLESW_CoreStack_CM3.a(BleSmp.o)
 .text.BleSmp_StartPairingWatchdog
                0x00020c60       0x2c ./../Libraries/BLEStack/Alpwise/Core_Stack/Libraries/BLESW_CoreStack_CM3.a(BleSmp.o)
 .text.BleSmp_OperationEnds
                0x00020c8c       0x24 ./../Libraries/BLEStack/Alpwise/Core_Stack/Libraries/BLESW_CoreStack_CM3.a(BleSmp.o)
 .text.BleSmp_StartOperation
                0x00020cb0      0x104 ./../Libraries/BLEStack/Alpwise/Core_Stack/Libraries/BLESW_CoreStack_CM3.a(BleSmp.o)
 .text.BleSmp_AddOperation.part.0
                0x00020db4       0x38 ./../Libraries/BLEStack/Alpwise/Core_Stack/Libraries/BLESW_CoreStack_CM3.a(BleSmp.o)
 .text.BleSmp_ReportPairingStatus
                0x00020dec       0x54 ./../Libraries/BLEStack/Alpwise/Core_Stack/Libraries/BLESW_CoreStack_CM3.a(BleSmp.o)
 .text.BleSmp_PairingWatchdog
                0x00020e40       0x36 ./../Libraries/BLEStack/Alpwise/Core_Stack/Libraries/BLESW_CoreStack_CM3.a(BleSmp.o)
 *fill*         0x00020e76        0x2 00
 .text.BLESMP_GenerateAndSetRandomAddress
                0x00020e78       0x78 ./../Libraries/BLEStack/Alpwise/Core_Stack/Libraries/BLESW_CoreStack_CM3.a(BleSmp.o)
                0x00020e78                BLESMP_GenerateAndSetRandomAddress
 .text.BLESMP_ConfirmPairing
                0x00020ef0       0x38 ./../Libraries/BLEStack/Alpwise/Core_Stack/Libraries/BLESW_CoreStack_CM3.a(BleSmp.o)
                0x00020ef0                BLESMP_ConfirmPairing
 .text.BLESMP_GetLinkSecurityProperties
                0x00020f28       0x1e ./../Libraries/BLEStack/Alpwise/Core_Stack/Libraries/BLESW_CoreStack_CM3.a(BleSmp.o)
                0x00020f28                BLESMP_GetLinkSecurityProperties
 .text.BLESMP_IsDeviceBonded
                0x00020f46       0x24 ./../Libraries/BLEStack/Alpwise/Core_Stack/Libraries/BLESW_CoreStack_CM3.a(BleSmp.o)
                0x00020f46                BLESMP_IsDeviceBonded
 .text.BLESMP_InitiatePairing
                0x00020f6a      0x238 ./../Libraries/BLEStack/Alpwise/Core_Stack/Libraries/BLESW_CoreStack_CM3.a(BleSmp.o)
                0x00020f6a                BLESMP_InitiatePairing
 *fill*         0x000211a2        0x2 00
 .text.BleSmp_Init
                0x000211a4       0x2c ./../Libraries/BLEStack/Alpwise/Core_Stack/Libraries/BLESW_CoreStack_CM3.a(BleSmp.o)
                0x000211a4                BleSmp_Init
 .text.BleSmp_HciEventHandler
                0x000211d0      0x9ac ./../Libraries/BLEStack/Alpwise/Core_Stack/Libraries/BLESW_CoreStack_CM3.a(BleSmp.o)
                0x000211d0                BleSmp_HciEventHandler
 .text.BleL2cap_HandleSecurityEvent
                0x00021b7c      0x768 ./../Libraries/BLEStack/Alpwise/Core_Stack/Libraries/BLESW_CoreStack_CM3.a(BleSmp.o)
                0x00021b7c                BleL2cap_HandleSecurityEvent
 .text.BleStck_Init
                0x000222e4       0x30 ./../Libraries/BLEStack/Alpwise/Core_Stack/Libraries/BLESW_CoreStack_CM3.a(BleStck.o)
                0x000222e4                BleStck_Init
 .text.BleStck_SendUpdateConnectionParametersCommand
                0x00022314       0x40 ./../Libraries/BLEStack/Alpwise/Core_Stack/Libraries/BLESW_CoreStack_CM3.a(BleStck.o)
                0x00022314                BleStck_SendUpdateConnectionParametersCommand
 .text.BleConn_GetConnection
                0x00022354       0x40 ./../Libraries/BLEStack/Alpwise/Core_Stack/Libraries/BLESW_CoreStack_CM3.a(BleStck.o)
                0x00022354                BleConn_GetConnection
 .text.BleStck_HciConnEventHandler
                0x00022394      0x20c ./../Libraries/BLEStack/Alpwise/Core_Stack/Libraries/BLESW_CoreStack_CM3.a(BleStck.o)
                0x00022394                BleStck_HciConnEventHandler
 .text.BleConn_GetBDAddr
                0x000225a0       0x48 ./../Libraries/BLEStack/Alpwise/Core_Stack/Libraries/BLESW_CoreStack_CM3.a(BleStck.o)
                0x000225a0                BleConn_GetBDAddr
 .text.BleStck_SetOperation
                0x000225e8       0x5c ./../Libraries/BLEStack/Alpwise/Core_Stack/Libraries/BLESW_CoreStack_CM3.a(BleStck.o)
                0x000225e8                BleStck_SetOperation
 .text.BLESTCK_TerminateLinkLayerConnection
                0x00022644       0x3c ./../Libraries/BLEStack/Alpwise/Core_Stack/Libraries/BLESW_CoreStack_CM3.a(BleStck.o)
                0x00022644                BLESTCK_TerminateLinkLayerConnection
 .text.BLESTCK_SetScanResponseData
                0x00022680       0x4c ./../Libraries/BLEStack/Alpwise/Core_Stack/Libraries/BLESW_CoreStack_CM3.a(BleStck.o)
                0x00022680                BLESTCK_SetScanResponseData
 .text.BLESTCK_StopAdvertising
                0x000226cc       0x40 ./../Libraries/BLEStack/Alpwise/Core_Stack/Libraries/BLESW_CoreStack_CM3.a(BleStck.o)
                0x000226cc                BLESTCK_StopAdvertising
 .text.BLESTCK_StartAdvertising
                0x0002270c      0x164 ./../Libraries/BLEStack/Alpwise/Core_Stack/Libraries/BLESW_CoreStack_CM3.a(BleStck.o)
                0x0002270c                BLESTCK_StartAdvertising
 .text.BLESTCK_SetAdvertisingData
                0x00022870       0x50 ./../Libraries/BLEStack/Alpwise/Core_Stack/Libraries/BLESW_CoreStack_CM3.a(BleStck.o)
                0x00022870                BLESTCK_SetAdvertisingData
 .text.BleStck_HandleConnParmsUpdateResponse
                0x000228c0       0x40 ./../Libraries/BLEStack/Alpwise/Core_Stack/Libraries/BLESW_CoreStack_CM3.a(BleStck.o)
                0x000228c0                BleStck_HandleConnParmsUpdateResponse
 .text.BleStck_isConnectionParmsUpdatePossible
                0x00022900       0x84 ./../Libraries/BLEStack/Alpwise/Core_Stack/Libraries/BLESW_CoreStack_CM3.a(BleStck.o)
                0x00022900                BleStck_isConnectionParmsUpdatePossible
 .text.BleStck_HciEventHandler
                0x00022984      0x30c ./../Libraries/BLEStack/Alpwise/Core_Stack/Libraries/BLESW_CoreStack_CM3.a(BleStck.o)
                0x00022984                BleStck_HciEventHandler
 .text.BleHci_AckCommand
                0x00022c90       0x50 ./../Libraries/BLEStack/Alpwise/Core_Stack/Libraries/BLESW_CoreStack_CM3.a(BleHci.o)
 .text.BleHci_InitFailed
                0x00022ce0       0x14 ./../Libraries/BLEStack/Alpwise/Core_Stack/Libraries/BLESW_CoreStack_CM3.a(BleHci.o)
 .text.HciResetWatchdog
                0x00022cf4       0x20 ./../Libraries/BLEStack/Alpwise/Core_Stack/Libraries/BLESW_CoreStack_CM3.a(BleHci.o)
 .text.BleHci_MemoryInit
                0x00022d14       0xc8 ./../Libraries/BLEStack/Alpwise/Core_Stack/Libraries/BLESW_CoreStack_CM3.a(BleHci.o)
                0x00022d14                BleHci_MemoryInit
 .text.BleHci_Init
                0x00022ddc        0x4 ./../Libraries/BLEStack/Alpwise/Core_Stack/Libraries/BLESW_CoreStack_CM3.a(BleHci.o)
                0x00022ddc                BleHci_Init
 .text.BleHci_GetEventPacket
                0x00022de0       0x28 ./../Libraries/BLEStack/Alpwise/Core_Stack/Libraries/BLESW_CoreStack_CM3.a(BleHci.o)
                0x00022de0                BleHci_GetEventPacket
 .text.BleHci_EventPacketReceived
                0x00022e08       0x24 ./../Libraries/BLEStack/Alpwise/Core_Stack/Libraries/BLESW_CoreStack_CM3.a(BleHci.o)
                0x00022e08                BleHci_EventPacketReceived
 .text.BleHci_SendCommand
                0x00022e2c       0x70 ./../Libraries/BLEStack/Alpwise/Core_Stack/Libraries/BLESW_CoreStack_CM3.a(BleHci.o)
                0x00022e2c                BleHci_SendCommand
 .text.BleHci_StartInitsCommand
                0x00022e9c       0x1c ./../Libraries/BLEStack/Alpwise/Core_Stack/Libraries/BLESW_CoreStack_CM3.a(BleHci.o)
 .text.BLEHCI_RadioIsInitialised
                0x00022eb8       0x28 ./../Libraries/BLEStack/Alpwise/Core_Stack/Libraries/BLESW_CoreStack_CM3.a(BleHci.o)
                0x00022eb8                BLEHCI_RadioIsInitialised
 .text.BLEHCI_SendRadioCommand
                0x00022ee0       0x14 ./../Libraries/BLEStack/Alpwise/Core_Stack/Libraries/BLESW_CoreStack_CM3.a(BleHci.o)
                0x00022ee0                BLEHCI_SendRadioCommand
 .text.BLEHCI_SendVendorSpecificCommand
                0x00022ef4        0xe ./../Libraries/BLEStack/Alpwise/Core_Stack/Libraries/BLESW_CoreStack_CM3.a(BleHci.o)
                0x00022ef4                BLEHCI_SendVendorSpecificCommand
 *fill*         0x00022f02        0x2 00
 .text.BleHci_CheckForCommandToSend
                0x00022f04       0x50 ./../Libraries/BLEStack/Alpwise/Core_Stack/Libraries/BLESW_CoreStack_CM3.a(BleHci.o)
                0x00022f04                BleHci_CheckForCommandToSend
 .text.BleHci_CheckForEventReceived
                0x00022f54      0x514 ./../Libraries/BLEStack/Alpwise/Core_Stack/Libraries/BLESW_CoreStack_CM3.a(BleHci.o)
                0x00022f54                BleHci_CheckForEventReceived
 .text.BleHci_GetRxDataPacket
                0x00023468       0x28 ./../Libraries/BLEStack/Alpwise/Core_Stack/Libraries/BLESW_CoreStack_CM3.a(BleHci.o)
                0x00023468                BleHci_GetRxDataPacket
 .text.BleHci_DataPacketReceived
                0x00023490       0x24 ./../Libraries/BLEStack/Alpwise/Core_Stack/Libraries/BLESW_CoreStack_CM3.a(BleHci.o)
                0x00023490                BleHci_DataPacketReceived
 .text.BleHci_CheckForDataReceived
                0x000234b4       0x50 ./../Libraries/BLEStack/Alpwise/Core_Stack/Libraries/BLESW_CoreStack_CM3.a(BleHci.o)
                0x000234b4                BleHci_CheckForDataReceived
 .text.BleHci_SendL2capData
                0x00023504       0xc0 ./../Libraries/BLEStack/Alpwise/Core_Stack/Libraries/BLESW_CoreStack_CM3.a(BleHci.o)
                0x00023504                BleHci_SendL2capData
 .text.BleHci_CheckForDataToSend
                0x000235c4       0x58 ./../Libraries/BLEStack/Alpwise/Core_Stack/Libraries/BLESW_CoreStack_CM3.a(BleHci.o)
                0x000235c4                BleHci_CheckForDataToSend
 .text.bleGap_PostEvent
                0x0002361c       0x10 ./../Libraries/BLEStack/Alpwise/Core_Stack/Libraries/BLESW_CoreStack_CM3.a(BleGap.o)
 .text.BleGap_RefreshAdvData
                0x0002362c      0x2d4 ./../Libraries/BLEStack/Alpwise/Core_Stack/Libraries/BLESW_CoreStack_CM3.a(BleGap.o)
 .text.BleGap_AttServiceCallback
                0x00023900       0x40 ./../Libraries/BLEStack/Alpwise/Core_Stack/Libraries/BLESW_CoreStack_CM3.a(BleGap.o)
 .text.BleGap_ExitLimitedDiscoverableMode
                0x00023940       0x30 ./../Libraries/BLEStack/Alpwise/Core_Stack/Libraries/BLESW_CoreStack_CM3.a(BleGap.o)
 .text.BLEGAP_RegisterDevice
                0x00023970      0x134 ./../Libraries/BLEStack/Alpwise/Core_Stack/Libraries/BLESW_CoreStack_CM3.a(BleGap.o)